Component: ARM Compiler 5.05 update 1 (build 106) Tool: armlink [4d0efa]

==============================================================================

Section Cross References

    main.o(i.main) refers to delay.o(i.delay_init) for delay_init
    main.o(i.main) refers to sys.o(i.NVIC_Config) for NVIC_Config
    main.o(i.main) refers to misc.o(i.NVIC_PriorityGroupConfig) for NVIC_PriorityGroupConfig
    main.o(i.main) refers to relay.o(i.RELAY_GPIO_Config) for RELAY_GPIO_Config
    main.o(i.main) refers to adc.o(i.Adc_Init) for Adc_Init
    main.o(i.main) refers to bsp_beep.o(i.Beep_Init) for Beep_Init
    main.o(i.main) refers to servo.o(i.SG90_Init) for SG90_Init
    main.o(i.main) refers to ds18b20.o(i.DS18B20_Init) for DS18B20_Init
    main.o(i.main) refers to led.o(i.LED_GPIO_Config) for LED_GPIO_Config
    main.o(i.main) refers to bsp_oled_iic.o(i.oled_Init) for oled_Init
    main.o(i.main) refers to time1.o(i.TIM1_Int_Init) for TIM1_Int_Init
    main.o(i.main) refers to key.o(i.KEY_Init) for KEY_Init
    main.o(i.main) refers to main.o(i.Threshold_Init) for Threshold_Init
    main.o(i.main) refers to bsp_oled_iic.o(i.oled_Clear) for oled_Clear
    main.o(i.main) refers to key.o(i.KeyScan) for KeyScan
    main.o(i.main) refers to ds18b20.o(i.DS18B20_GetTemperture) for DS18B20_GetTemperture
    main.o(i.main) refers to ffixi.o(.text) for __aeabi_f2iz
    main.o(i.main) refers to adc.o(i.Get_Adc_Average) for Get_Adc_Average
    main.o(i.main) refers to menu.o(i.Mode_Decide) for Mode_Decide
    main.o(i.main) refers to main.o(.data) for Threshold
    main.o(i.main) refers to main.o(.bss) for SensorData
    menu.o(i.AutoContrl) refers to menu.o(.data) for GoFood
    menu.o(i.AutoContrl) refers to main.o(.bss) for System
    menu.o(i.AutoContrl) refers to main.o(.data) for Threshold
    menu.o(i.Inform_Show) refers to bsp_oled_iic.o(i.oled_ShowCHinese) for oled_ShowCHinese
    menu.o(i.Inform_Show) refers to bsp_oled_iic.o(i.oled_ShowString) for oled_ShowString
    menu.o(i.Inform_Show) refers to bsp_oled_iic.o(i.oled_ShowNum) for oled_ShowNum
    menu.o(i.Inform_Show) refers to main.o(.bss) for SensorData
    menu.o(i.Manual_Contrl) refers to bsp_oled_iic.o(i.oled_Clear) for oled_Clear
    menu.o(i.Manual_Contrl) refers to bsp_oled_iic.o(i.oled_ShowCHinese) for oled_ShowCHinese
    menu.o(i.Manual_Contrl) refers to bsp_oled_iic.o(i.oled_ShowString) for oled_ShowString
    menu.o(i.Manual_Contrl) refers to key.o(.data) for isKey2
    menu.o(i.Manual_Contrl) refers to menu.o(.data) for IndexFlag
    menu.o(i.Manual_Contrl) refers to main.o(.bss) for System
    menu.o(i.Manual_Mode) refers to stm32f10x_gpio.o(i.GPIO_SetBits) for GPIO_SetBits
    menu.o(i.Manual_Mode) refers to stm32f10x_gpio.o(i.GPIO_ResetBits) for GPIO_ResetBits
    menu.o(i.Manual_Mode) refers to servo.o(i.Control_SG90) for Control_SG90
    menu.o(i.Manual_Mode) refers to main.o(.bss) for System
    menu.o(i.Manual_Mode) refers to menu.o(.data) for TimeFlag1
    menu.o(i.Mode_Decide) refers to menu.o(i.Manual_Mode) for Manual_Mode
    menu.o(i.Mode_Decide) refers to bsp_oled_iic.o(i.oled_Clear) for oled_Clear
    menu.o(i.Mode_Decide) refers to menu.o(i.Inform_Show) for Inform_Show
    menu.o(i.Mode_Decide) refers to menu.o(i.AutoContrl) for AutoContrl
    menu.o(i.Mode_Decide) refers to menu.o(i.Timed_mode) for Timed_mode
    menu.o(i.Mode_Decide) refers to menu.o(i.ThresholdSet) for ThresholdSet
    menu.o(i.Mode_Decide) refers to menu.o(i.Manual_Contrl) for Manual_Contrl
    menu.o(i.Mode_Decide) refers to key.o(.data) for isKey1
    menu.o(i.Mode_Decide) refers to menu.o(.data) for OperateMode
    menu.o(i.ThresholdSet) refers to bsp_oled_iic.o(i.oled_ShowCHinese) for oled_ShowCHinese
    menu.o(i.ThresholdSet) refers to bsp_oled_iic.o(i.oled_ShowString) for oled_ShowString
    menu.o(i.ThresholdSet) refers to bsp_oled_iic.o(i.oled_ShowNum) for oled_ShowNum
    menu.o(i.ThresholdSet) refers to key.o(.data) for isKey2
    menu.o(i.ThresholdSet) refers to menu.o(.data) for IndexFlag1
    menu.o(i.ThresholdSet) refers to main.o(.data) for Threshold
    menu.o(i.Timed_mode) refers to bsp_oled_iic.o(i.oled_ShowCHinese) for oled_ShowCHinese
    menu.o(i.Timed_mode) refers to bsp_oled_iic.o(i.oled_ShowString) for oled_ShowString
    menu.o(i.Timed_mode) refers to bsp_oled_iic.o(i.oled_ShowNum) for oled_ShowNum
    menu.o(i.Timed_mode) refers to key.o(.data) for isKey2
    menu.o(i.Timed_mode) refers to menu.o(.data) for TimeFlag
    menu.o(i.Timed_mode) refers to main.o(.bss) for SensorData
    time1.o(i.TIM1_Int_Init) refers to stm32f10x_rcc.o(i.RCC_APB2PeriphClockCmd) for RCC_APB2PeriphClockCmd
    time1.o(i.TIM1_Int_Init) refers to stm32f10x_tim.o(i.TIM_TimeBaseInit) for TIM_TimeBaseInit
    time1.o(i.TIM1_Int_Init) refers to stm32f10x_tim.o(i.TIM_ClearFlag) for TIM_ClearFlag
    time1.o(i.TIM1_Int_Init) refers to stm32f10x_tim.o(i.TIM_ITConfig) for TIM_ITConfig
    time1.o(i.TIM1_Int_Init) refers to misc.o(i.NVIC_Init) for NVIC_Init
[...]
    Removing stm32f10x_flash.o(i.FLASH_EraseOptionBytes), (168 bytes).
    Removing stm32f10x_flash.o(i.FLASH_ErasePage), (76 bytes).
    Removing stm32f10x_flash.o(i.FLASH_GetBank1Status), (52 bytes).
    Removing stm32f10x_flash.o(i.FLASH_GetFlagStatus), (48 bytes).
    Removing stm32f10x_flash.o(i.FLASH_GetPrefetchBufferStatus), (24 bytes).
    Removing stm32f10x_flash.o(i.FLASH_GetReadOutProtectionStatus), (24 bytes).
    Removing stm32f10x_flash.o(i.FLASH_GetStatus), (52 bytes).
    Removing stm32f10x_flash.o(i.FLASH_GetUserOptionByte), (12 bytes).
    Removing stm32f10x_flash.o(i.FLASH_GetWriteProtectionOptionByte), (12 bytes).
    Removing stm32f10x_flash.o(i.FLASH_HalfCycleAccessCmd), (28 bytes).
    Removing stm32f10x_flash.o(i.FLASH_ITConfig), (32 bytes).
    Removing stm32f10x_flash.o(i.FLASH_Lock), (20 bytes).
    Removing stm32f10x_flash.o(i.FLASH_LockBank1), (20 bytes).
    Removing stm32f10x_flash.o(i.FLASH_PrefetchBufferCmd), (28 bytes).
    Removing stm32f10x_flash.o(i.FLASH_ProgramHalfWord), (64 bytes).
    Removing stm32f10x_flash.o(i.FLASH_ProgramOptionByteData), (84 bytes).
    Removing stm32f10x_flash.o(i.FLASH_ProgramWord), (108 bytes).
    Removing stm32f10x_flash.o(i.FLASH_ReadOutProtection), (172 bytes).
    Removing stm32f10x_flash.o(i.FLASH_SetLatency), (24 bytes).
    Removing stm32f10x_flash.o(i.FLASH_Unlock), (24 bytes).
    Removing stm32f10x_flash.o(i.FLASH_UnlockBank1), (24 bytes).
    Removing stm32f10x_flash.o(i.FLASH_UserOptionByteConfig), (104 bytes).
    Removing stm32f10x_flash.o(i.FLASH_WaitForLastBank1Operation), (38 bytes).
    Removing stm32f10x_flash.o(i.FLASH_WaitForLastOperation), (38 bytes).
    Removing stm32f10x_fsmc.o(i.FSMC_ClearFlag), (64 bytes).
    Removing stm32f10x_fsmc.o(i.FSMC_ClearITPendingBit), (72 bytes).
    Removing stm32f10x_fsmc.o(i.FSMC_GetECC), (28 bytes).
    Removing stm32f10x_fsmc.o(i.FSMC_GetFlagStatus), (56 bytes).
    Removing stm32f10x_fsmc.o(i.FSMC_GetITStatus), (68 bytes).
    Removing stm32f10x_fsmc.o(i.FSMC_ITConfig), (128 bytes).
    Removing stm32f10x_fsmc.o(i.FSMC_NANDCmd), (92 bytes).
    Removing stm32f10x_fsmc.o(i.FSMC_NANDDeInit), (68 bytes).
    Removing stm32f10x_fsmc.o(i.FSMC_NANDECCCmd), (92 bytes).
    Removing stm32f10x_fsmc.o(i.FSMC_NANDInit), (136 bytes).
    Removing stm32f10x_fsmc.o(i.FSMC_NANDStructInit), (54 bytes).
    Removing stm32f10x_fsmc.o(i.FSMC_NORSRAMCmd), (52 bytes).
    Removing stm32f10x_fsmc.o(i.FSMC_NORSRAMDeInit), (54 bytes).
    Removing stm32f10x_fsmc.o(i.FSMC_NORSRAMInit), (230 bytes).
    Removing stm32f10x_fsmc.o(i.FSMC_NORSRAMStructInit), (114 bytes).
    Removing stm32f10x_fsmc.o(i.FSMC_PCCARDCmd), (48 bytes).
    Removing stm32f10x_fsmc.o(i.FSMC_PCCARDDeInit), (40 bytes).
    Removing stm32f10x_fsmc.o(i.FSMC_PCCARDInit), (132 bytes).
    Removing stm32f10x_fsmc.o(i.FSMC_PCCARDStructInit), (60 bytes).
    Removing stm32f10x_gpio.o(i.GPIO_AFIODeInit), (20 bytes).
    Removing stm32f10x_gpio.o(i.GPIO_DeInit), (200 bytes).
    Removing stm32f10x_gpio.o(i.GPIO_ETH_MediaInterfaceConfig), (12 bytes).
    Removing stm32f10x_gpio.o(i.GPIO_EXTILineConfig), (64 bytes).
    Removing stm32f10x_gpio.o(i.GPIO_EventOutputCmd), (12 bytes).
    Removing stm32f10x_gpio.o(i.GPIO_EventOutputConfig), (32 bytes).
    Removing stm32f10x_gpio.o(i.GPIO_PinLockConfig), (18 bytes).
    Removing stm32f10x_gpio.o(i.GPIO_PinRemapConfig), (144 bytes).
    Removing stm32f10x_gpio.o(i.GPIO_ReadInputData), (8 bytes).
    Removing stm32f10x_gpio.o(i.GPIO_ReadOutputData), (8 bytes).
    Removing stm32f10x_gpio.o(i.GPIO_ReadOutputDataBit), (18 bytes).
    Removing stm32f10x_gpio.o(i.GPIO_StructInit), (16 bytes).
    Removing stm32f10x_gpio.o(i.GPIO_Write), (4 bytes).
    Removing stm32f10x_gpio.o(i.GPIO_WriteBit), (10 bytes).
    Removing stm32f10x_i2c.o(i.I2C_ARPCmd), (24 bytes).
    Removing stm32f10x_i2c.o(i.I2C_AcknowledgeConfig), (24 bytes).
    Removing stm32f10x_i2c.o(i.I2C_CalculatePEC), (24 bytes).
    Removing stm32f10x_i2c.o(i.I2C_CheckEvent), (42 bytes).
    Removing stm32f10x_i2c.o(i.I2C_ClearFlag), (12 bytes).
    Removing stm32f10x_i2c.o(i.I2C_ClearITPendingBit), (12 bytes).
    Removing stm32f10x_i2c.o(i.I2C_Cmd), (24 bytes).
    Removing stm32f10x_i2c.o(i.I2C_DMACmd), (24 bytes).
    Removing stm32f10x_i2c.o(i.I2C_DMALastTransferCmd), (24 bytes).
    Removing stm32f10x_i2c.o(i.I2C_DeInit), (56 bytes).
    Removing stm32f10x_i2c.o(i.I2C_DualAddressCmd), (24 bytes).
    Removing stm32f10x_i2c.o(i.I2C_FastModeDutyCycleConfig), (28 bytes).
    Removing stm32f10x_i2c.o(i.I2C_GeneralCallCmd), (24 bytes).
    Removing stm32f10x_i2c.o(i.I2C_GenerateSTART), (24 bytes).
    Removing stm32f10x_i2c.o(i.I2C_GenerateSTOP), (24 bytes).
    Removing stm32f10x_i2c.o(i.I2C_GetFlagStatus), (58 bytes).
    Removing stm32f10x_i2c.o(i.I2C_GetITStatus), (38 bytes).
    Removing stm32f10x_i2c.o(i.I2C_GetLastEvent), (26 bytes).
    Removing stm32f10x_i2c.o(i.I2C_GetPEC), (8 bytes).
    Removing stm32f10x_i2c.o(i.I2C_ITConfig), (18 bytes).
    Removing stm32f10x_i2c.o(i.I2C_Init), (236 bytes).
    Removing stm32f10x_i2c.o(i.I2C_NACKPositionConfig), (28 bytes).
    Removing stm32f10x_i2c.o(i.I2C_OwnAddress2Config), (22 bytes).
    Removing stm32f10x_i2c.o(i.I2C_PECPositionConfig), (28 bytes).
    Removing stm32f10x_i2c.o(i.I2C_ReadRegister), (22 bytes).
    Removing stm32f10x_i2c.o(i.I2C_ReceiveData), (8 bytes).
    Removing stm32f10x_i2c.o(i.I2C_SMBusAlertConfig), (28 bytes).
    Removing stm32f10x_i2c.o(i.I2C_Send7bitAddress), (18 bytes).
    Removing stm32f10x_i2c.o(i.I2C_SendData), (4 bytes).
    Removing stm32f10x_i2c.o(i.I2C_SoftwareResetCmd), (22 bytes).
    Removing stm32f10x_i2c.o(i.I2C_StretchClockCmd), (24 bytes).
    Removing stm32f10x_i2c.o(i.I2C_StructInit), (30 bytes).
    Removing stm32f10x_i2c.o(i.I2C_TransmitPEC), (24 bytes).
    Removing stm32f10x_iwdg.o(i.IWDG_Enable), (16 bytes).
    Removing stm32f10x_iwdg.o(i.IWDG_GetFlagStatus), (24 bytes).
    Removing stm32f10x_iwdg.o(i.IWDG_ReloadCounter), (16 bytes).
    Removing stm32f10x_iwdg.o(i.IWDG_SetPrescaler), (12 bytes).
    Removing stm32f10x_iwdg.o(i.IWDG_SetReload), (12 bytes).
    Removing stm32f10x_iwdg.o(i.IWDG_WriteAccessCmd), (12 bytes).
    Removing stm32f10x_pwr.o(i.PWR_BackupAccessCmd), (12 bytes).
    Removing stm32f10x_pwr.o(i.PWR_ClearFlag), (20 bytes).
    Removing stm32f10x_pwr.o(i.PWR_DeInit), (22 bytes).
    Removing stm32f10x_pwr.o(i.PWR_EnterSTANDBYMode), (52 bytes).
    Removing stm32f10x_pwr.o(i.PWR_EnterSTOPMode), (64 bytes).
    Removing stm32f10x_pwr.o(i.PWR_GetFlagStatus), (24 bytes).
    Removing stm32f10x_pwr.o(i.PWR_PVDCmd), (12 bytes).
    Removing stm32f10x_pwr.o(i.PWR_PVDLevelConfig), (24 bytes).
    Removing stm32f10x_pwr.o(i.PWR_WakeUpPinCmd), (12 bytes).
    Removing stm32f10x_rcc.o(i.RCC_AHBPeriphClockCmd), (32 bytes).
    Removing stm32f10x_rcc.o(i.RCC_APB1PeriphClockCmd), (32 bytes).
    Removing stm32f10x_rcc.o(i.RCC_APB1PeriphResetCmd), (32 bytes).
    Removing stm32f10x_rcc.o(i.RCC_AdjustHSICalibrationValue), (24 bytes).
    Removing stm32f10x_rcc.o(i.RCC_BackupResetCmd), (12 bytes).
    Removing stm32f10x_rcc.o(i.RCC_ClearFlag), (20 bytes).
    Removing stm32f10x_rcc.o(i.RCC_ClearITPendingBit), (12 bytes).
    Removing stm32f10x_rcc.o(i.RCC_ClockSecuritySystemCmd), (12 bytes).
    Removing stm32f10x_rcc.o(i.RCC_DeInit), (76 bytes).
    Removing stm32f10x_rcc.o(i.RCC_GetClocksFreq), (212 bytes).
    Removing stm32f10x_rcc.o(i.RCC_GetFlagStatus), (60 bytes).
    Removing stm32f10x_rcc.o(i.RCC_GetITStatus), (24 bytes).
    Removing stm32f10x_rcc.o(i.RCC_GetSYSCLKSource), (16 bytes).
    Removing stm32f10x_rcc.o(i.RCC_HCLKConfig), (24 bytes).
    Removing stm32f10x_rcc.o(i.RCC_HSEConfig), (76 bytes).
    Removing stm32f10x_rcc.o(i.RCC_HSICmd), (12 bytes).
    Removing stm32f10x_rcc.o(i.RCC_ITConfig), (32 bytes).
    Removing stm32f10x_rcc.o(i.RCC_LSEConfig), (52 bytes).
    Removing stm32f10x_rcc.o(i.RCC_LSICmd), (12 bytes).
    Removing stm32f10x_rcc.o(i.RCC_MCOConfig), (12 bytes).
    Removing stm32f10x_rcc.o(i.RCC_PCLK1Config), (24 bytes).
    Removing stm32f10x_rcc.o(i.RCC_PCLK2Config), (24 bytes).
    Removing stm32f10x_rcc.o(i.RCC_PLLCmd), (12 bytes).
    Removing stm32f10x_rcc.o(i.RCC_PLLConfig), (28 bytes).
    Removing stm32f10x_rcc.o(i.RCC_RTCCLKCmd), (12 bytes).
    Removing stm32f10x_rcc.o(i.RCC_RTCCLKConfig), (16 bytes).
    Removing stm32f10x_rcc.o(i.RCC_SYSCLKConfig), (24 bytes).
    Removing stm32f10x_rcc.o(i.RCC_USBCLKConfig), (12 bytes).
    Removing stm32f10x_rcc.o(i.RCC_WaitForHSEStartUp), (56 bytes).
    Removing stm32f10x_rcc.o(.data), (20 bytes).
    Removing stm32f10x_rtc.o(i.RTC_ClearFlag), (16 bytes).
    Removing stm32f10x_rtc.o(i.RTC_ClearITPendingBit), (16 bytes).
    Removing stm32f10x_rtc.o(i.RTC_EnterConfigMode), (20 bytes).
    Removing stm32f10x_rtc.o(i.RTC_ExitConfigMode), (20 bytes).
    Removing stm32f10x_rtc.o(i.RTC_GetCounter), (20 bytes).
    Removing stm32f10x_rtc.o(i.RTC_GetDivider), (24 bytes).
    Removing stm32f10x_rtc.o(i.RTC_GetFlagStatus), (24 bytes).
    Removing stm32f10x_rtc.o(i.RTC_GetITStatus), (36 bytes).
    Removing stm32f10x_rtc.o(i.RTC_ITConfig), (32 bytes).
    Removing stm32f10x_rtc.o(i.RTC_SetAlarm), (28 bytes).
    Removing stm32f10x_rtc.o(i.RTC_SetCounter), (28 bytes).
    Removing stm32f10x_rtc.o(i.RTC_SetPrescaler), (32 bytes).
    Removing stm32f10x_rtc.o(i.RTC_WaitForLastTask), (20 bytes).
    Removing stm32f10x_rtc.o(i.RTC_WaitForSynchro), (36 bytes).
    Removing stm32f10x_sdio.o(i.SDIO_CEATAITCmd), (16 bytes).
    Removing stm32f10x_sdio.o(i.SDIO_ClearFlag), (12 bytes).
    Removing stm32f10x_sdio.o(i.SDIO_ClearITPendingBit), (12 bytes).
    Removing stm32f10x_sdio.o(i.SDIO_ClockCmd), (12 bytes).
    Removing stm32f10x_sdio.o(i.SDIO_CmdStructInit), (14 bytes).
    Removing stm32f10x_sdio.o(i.SDIO_CommandCompletionCmd), (12 bytes).
    Removing stm32f10x_sdio.o(i.SDIO_DMACmd), (12 bytes).
    Removing stm32f10x_sdio.o(i.SDIO_DataConfig), (48 bytes).
    Removing stm32f10x_sdio.o(i.SDIO_DataStructInit), (20 bytes).
    Removing stm32f10x_sdio.o(i.SDIO_DeInit), (36 bytes).
    Removing stm32f10x_sdio.o(i.SDIO_GetCommandResponse), (12 bytes).
    Removing stm32f10x_sdio.o(i.SDIO_GetDataCounter), (12 bytes).
    Removing stm32f10x_sdio.o(i.SDIO_GetFIFOCount), (12 bytes).
    Removing stm32f10x_sdio.o(i.SDIO_GetFlagStatus), (24 bytes).
    Removing stm32f10x_sdio.o(i.SDIO_GetITStatus), (24 bytes).
    Removing stm32f10x_sdio.o(i.SDIO_GetPowerState), (16 bytes).
    Removing stm32f10x_sdio.o(i.SDIO_GetResponse), (24 bytes).
    Removing stm32f10x_sdio.o(i.SDIO_ITConfig), (32 bytes).
    Removing stm32f10x_sdio.o(i.SDIO_Init), (48 bytes).
    Removing stm32f10x_sdio.o(i.SDIO_ReadData), (12 bytes).
    Removing stm32f10x_sdio.o(i.SDIO_SendCEATACmd), (12 bytes).
    Removing stm32f10x_sdio.o(i.SDIO_SendCommand), (44 bytes).
    Removing stm32f10x_sdio.o(i.SDIO_SendSDIOSuspendCmd), (12 bytes).
    Removing stm32f10x_sdio.o(i.SDIO_SetPowerState), (28 bytes).
    Removing stm32f10x_sdio.o(i.SDIO_SetSDIOOperation), (12 bytes).
    Removing stm32f10x_sdio.o(i.SDIO_SetSDIOReadWaitMode), (12 bytes).
    Removing stm32f10x_sdio.o(i.SDIO_StartSDIOReadWait), (12 bytes).
    Removing stm32f10x_sdio.o(i.SDIO_StopSDIOReadWait), (12 bytes).
    Removing stm32f10x_sdio.o(i.SDIO_StructInit), (16 bytes).
    Removing stm32f10x_sdio.o(i.SDIO_WriteData), (12 bytes).
    Removing stm32f10x_spi.o(i.I2S_Cmd), (24 bytes).
    Removing stm32f10x_spi.o(i.I2S_Init), (232 bytes).
    Removing stm32f10x_spi.o(i.I2S_StructInit), (20 bytes).
    Removing stm32f10x_spi.o(i.SPI_BiDirectionalLineConfig), (28 bytes).
    Removing stm32f10x_spi.o(i.SPI_CalculateCRC), (24 bytes).
    Removing stm32f10x_spi.o(i.SPI_Cmd), (24 bytes).
    Removing stm32f10x_spi.o(i.SPI_DataSizeConfig), (18 bytes).
    Removing stm32f10x_spi.o(i.SPI_GetCRC), (16 bytes).
    Removing stm32f10x_spi.o(i.SPI_GetCRCPolynomial), (6 bytes).
    Removing stm32f10x_spi.o(i.SPI_I2S_ClearFlag), (6 bytes).
    Removing stm32f10x_spi.o(i.SPI_I2S_ClearITPendingBit), (20 bytes).
    Removing stm32f10x_spi.o(i.SPI_I2S_DMACmd), (18 bytes).
    Removing stm32f10x_spi.o(i.SPI_I2S_DeInit), (88 bytes).
    Removing stm32f10x_spi.o(i.SPI_I2S_GetFlagStatus), (18 bytes).
    Removing stm32f10x_spi.o(i.SPI_I2S_GetITStatus), (52 bytes).
    Removing stm32f10x_spi.o(i.SPI_I2S_ITConfig), (32 bytes).
    Removing stm32f10x_spi.o(i.SPI_I2S_ReceiveData), (6 bytes).
    Removing stm32f10x_spi.o(i.SPI_I2S_SendData), (4 bytes).
    Removing stm32f10x_spi.o(i.SPI_Init), (60 bytes).
    Removing stm32f10x_spi.o(i.SPI_NSSInternalSoftwareConfig), (30 bytes).
    Removing stm32f10x_spi.o(i.SPI_SSOutputCmd), (24 bytes).
    Removing stm32f10x_spi.o(i.SPI_StructInit), (24 bytes).
    Removing stm32f10x_spi.o(i.SPI_TransmitCRC), (10 bytes).
    Removing stm32f10x_tim.o(i.TI1_Config), (128 bytes).
    Removing stm32f10x_tim.o(i.TI2_Config), (152 bytes).
    Removing stm32f10x_tim.o(i.TI3_Config), (144 bytes).
    Removing stm32f10x_tim.o(i.TI4_Config), (152 bytes).
    Removing stm32f10x_tim.o(i.TIM_ARRPreloadConfig), (24 bytes).
    Removing stm32f10x_tim.o(i.TIM_BDTRConfig), (32 bytes).
    Removing stm32f10x_tim.o(i.TIM_BDTRStructInit), (18 bytes).
    Removing stm32f10x_tim.o(i.TIM_CCPreloadControl), (24 bytes).
    Removing stm32f10x_tim.o(i.TIM_CCxCmd), (30 bytes).
    Removing stm32f10x_tim.o(i.TIM_CCxNCmd), (30 bytes).
    Removing stm32f10x_tim.o(i.TIM_ClearOC1Ref), (18 bytes).
    Removing stm32f10x_tim.o(i.TIM_ClearOC2Ref), (24 bytes).
    Removing stm32f10x_tim.o(i.TIM_ClearOC3Ref), (18 bytes).
    Removing stm32f10x_tim.o(i.TIM_ClearOC4Ref), (24 bytes).
    Removing stm32f10x_tim.o(i.TIM_CounterModeConfig), (18 bytes).
    Removing stm32f10x_tim.o(i.TIM_CtrlPWMOutputs), (30 bytes).
    Removing stm32f10x_tim.o(i.TIM_DMACmd), (18 bytes).
    Removing stm32f10x_tim.o(i.TIM_DMAConfig), (10 bytes).
    Removing stm32f10x_tim.o(i.TIM_DeInit), (488 bytes).
    Removing stm32f10x_tim.o(i.TIM_ETRClockMode1Config), (54 bytes).
    Removing stm32f10x_tim.o(i.TIM_ETRClockMode2Config), (32 bytes).
    Removing stm32f10x_tim.o(i.TIM_ETRConfig), (28 bytes).
    Removing stm32f10x_tim.o(i.TIM_EncoderInterfaceConfig), (66 bytes).
    Removing stm32f10x_tim.o(i.TIM_ForcedOC1Config), (18 bytes).
    Removing stm32f10x_tim.o(i.TIM_ForcedOC2Config), (26 bytes).
    Removing stm32f10x_tim.o(i.TIM_ForcedOC3Config), (18 bytes).
    Removing stm32f10x_tim.o(i.TIM_ForcedOC4Config), (26 bytes).
    Removing stm32f10x_tim.o(i.TIM_GenerateEvent), (4 bytes).
    Removing stm32f10x_tim.o(i.TIM_GetCapture1), (6 bytes).
    Removing stm32f10x_tim.o(i.TIM_GetCapture2), (6 bytes).
    Removing stm32f10x_tim.o(i.TIM_GetCapture3), (6 bytes).
    Removing stm32f10x_tim.o(i.TIM_GetCapture4), (8 bytes).
    Removing stm32f10x_tim.o(i.TIM_GetCounter), (6 bytes).
    Removing stm32f10x_tim.o(i.TIM_GetFlagStatus), (18 bytes).
    Removing stm32f10x_tim.o(i.TIM_GetPrescaler), (6 bytes).
    Removing stm32f10x_tim.o(i.TIM_ICInit), (172 bytes).
    Removing stm32f10x_tim.o(i.TIM_ICStructInit), (18 bytes).
    Removing stm32f10x_tim.o(i.TIM_ITRxExternalClockConfig), (24 bytes).
    Removing stm32f10x_tim.o(i.TIM_InternalClockConfig), (12 bytes).
    Removing stm32f10x_tim.o(i.TIM_OC1FastConfig), (18 bytes).
    Removing stm32f10x_tim.o(i.TIM_OC1Init), (152 bytes).
    Removing stm32f10x_tim.o(i.TIM_OC1NPolarityConfig), (18 bytes).
    Removing stm32f10x_tim.o(i.TIM_OC1PolarityConfig), (18 bytes).
    Removing stm32f10x_tim.o(i.TIM_OC1PreloadConfig), (18 bytes).
    Removing stm32f10x_tim.o(i.TIM_OC2FastConfig), (26 bytes).
    Removing stm32f10x_tim.o(i.TIM_OC2Init), (164 bytes).
    Removing stm32f10x_tim.o(i.TIM_OC2NPolarityConfig), (26 bytes).
    Removing stm32f10x_tim.o(i.TIM_OC2PolarityConfig), (26 bytes).
    Removing stm32f10x_tim.o(i.TIM_OC2PreloadConfig), (26 bytes).
    Removing stm32f10x_tim.o(i.TIM_OC3FastConfig), (18 bytes).
    Removing stm32f10x_tim.o(i.TIM_OC3Init), (160 bytes).
    Removing stm32f10x_tim.o(i.TIM_OC3NPolarityConfig), (26 bytes).
    Removing stm32f10x_tim.o(i.TIM_OC3PolarityConfig), (26 bytes).
    Removing stm32f10x_tim.o(i.TIM_OC3PreloadConfig), (18 bytes).
    Removing stm32f10x_tim.o(i.TIM_OC4FastConfig), (26 bytes).
    Removing stm32f10x_tim.o(i.TIM_OC4Init), (124 bytes).
    Removing stm32f10x_tim.o(i.TIM_OC4PolarityConfig), (26 bytes).
    Removing stm32f10x_tim.o(i.TIM_OC4PreloadConfig), (26 bytes).
    Removing stm32f10x_tim.o(i.TIM_OCStructInit), (20 bytes).
    Removing stm32f10x_tim.o(i.TIM_PWMIConfig), (124 bytes).
    Removing stm32f10x_tim.o(i.TIM_PrescalerConfig), (6 bytes).
    Removing stm32f10x_tim.o(i.TIM_SelectCCDMA), (24 bytes).
    Removing stm32f10x_tim.o(i.TIM_SelectCOM), (24 bytes).
    Removing stm32f10x_tim.o(i.TIM_SelectHallSensor), (24 bytes).
    Removing stm32f10x_tim.o(i.TIM_SelectInputTrigger), (18 bytes).
    Removing stm32f10x_tim.o(i.TIM_SelectMasterSlaveMode), (18 bytes).
    Removing stm32f10x_tim.o(i.TIM_SelectOCxM), (82 bytes).
    Removing stm32f10x_tim.o(i.TIM_SelectOnePulseMode), (18 bytes).
    Removing stm32f10x_tim.o(i.TIM_SelectOutputTrigger), (18 bytes).
    Removing stm32f10x_tim.o(i.TIM_SelectSlaveMode), (18 bytes).
    Removing stm32f10x_tim.o(i.TIM_SetAutoreload), (4 bytes).
    Removing stm32f10x_tim.o(i.TIM_SetClockDivision), (18 bytes).
    Removing stm32f10x_tim.o(i.TIM_SetCompare1), (4 bytes).
    Removing stm32f10x_tim.o(i.TIM_SetCompare2), (4 bytes).
    Removing stm32f10x_tim.o(i.TIM_SetCompare3), (4 bytes).
    Removing stm32f10x_tim.o(i.TIM_SetCompare4), (6 bytes).
    Removing stm32f10x_tim.o(i.TIM_SetCounter), (4 bytes).
    Removing stm32f10x_tim.o(i.TIM_SetIC1Prescaler), (18 bytes).
    Removing stm32f10x_tim.o(i.TIM_SetIC2Prescaler), (26 bytes).
    Removing stm32f10x_tim.o(i.TIM_SetIC3Prescaler), (18 bytes).
    Removing stm32f10x_tim.o(i.TIM_SetIC4Prescaler), (26 bytes).
    Removing stm32f10x_tim.o(i.TIM_TIxExternalClockConfig), (62 bytes).
    Removing stm32f10x_tim.o(i.TIM_TimeBaseStructInit), (18 bytes).
    Removing stm32f10x_tim.o(i.TIM_UpdateDisableConfig), (24 bytes).
    Removing stm32f10x_tim.o(i.TIM_UpdateRequestConfig), (24 bytes).
    Removing stm32f10x_usart.o(i.USART_ClearFlag), (18 bytes).
    Removing stm32f10x_usart.o(i.USART_ClockInit), (34 bytes).
    Removing stm32f10x_usart.o(i.USART_ClockStructInit), (12 bytes).
    Removing stm32f10x_usart.o(i.USART_Cmd), (24 bytes).
    Removing stm32f10x_usart.o(i.USART_DMACmd), (18 bytes).
    Removing stm32f10x_usart.o(i.USART_DeInit), (156 bytes).
    Removing stm32f10x_usart.o(i.USART_HalfDuplexCmd), (24 bytes).
    Removing stm32f10x_usart.o(i.USART_ITConfig), (74 bytes).
    Removing stm32f10x_usart.o(i.USART_Init), (216 bytes).
    Removing stm32f10x_usart.o(i.USART_IrDACmd), (24 bytes).
    Removing stm32f10x_usart.o(i.USART_IrDAConfig), (18 bytes).
    Removing stm32f10x_usart.o(i.USART_LINBreakDetectLengthConfig), (18 bytes).
    Removing stm32f10x_usart.o(i.USART_LINCmd), (24 bytes).
    Removing stm32f10x_usart.o(i.USART_OneBitMethodCmd), (24 bytes).
    Removing stm32f10x_usart.o(i.USART_OverSampling8Cmd), (22 bytes).
    Removing stm32f10x_usart.o(i.USART_ReceiveData), (10 bytes).
    Removing stm32f10x_usart.o(i.USART_ReceiverWakeUpCmd), (24 bytes).
    Removing stm32f10x_usart.o(i.USART_SendBreak), (10 bytes).
    Removing stm32f10x_usart.o(i.USART_SendData), (8 bytes).
    Removing stm32f10x_usart.o(i.USART_SetAddress), (18 bytes).
    Removing stm32f10x_usart.o(i.USART_SetGuardTime), (16 bytes).
    Removing stm32f10x_usart.o(i.USART_SetPrescaler), (16 bytes).
    Removing stm32f10x_usart.o(i.USART_SmartCardCmd), (24 bytes).
    Removing stm32f10x_usart.o(i.USART_SmartCardNACKCmd), (24 bytes).
    Removing stm32f10x_usart.o(i.USART_StructInit), (24 bytes).
    Removing stm32f10x_usart.o(i.USART_WakeUpConfig), (18 bytes).
    Removing stm32f10x_wwdg.o(i.WWDG_ClearFlag), (12 bytes).
    Removing stm32f10x_wwdg.o(i.WWDG_DeInit), (22 bytes).
    Removing stm32f10x_wwdg.o(i.WWDG_Enable), (16 bytes).
    Removing stm32f10x_wwdg.o(i.WWDG_EnableIT), (12 bytes).
    Removing stm32f10x_wwdg.o(i.WWDG_GetFlagStatus), (12 bytes).
    Removing stm32f10x_wwdg.o(i.WWDG_SetCounter), (16 bytes).
    Removing stm32f10x_wwdg.o(i.WWDG_SetPrescaler), (24 bytes).
    Removing stm32f10x_wwdg.o(i.WWDG_SetWindowValue), (40 bytes).
    Removing f2d.o(.text), (38 bytes).

477 unused section(s) (total 163145 bytes) removed from the image.

==============================================================================

Image Symbol Table

    Local Symbols

    Symbol Name                              Value     Ov Type        Size  Object(Section)

    ../clib/microlib/division.c              0x00000000   Number         0  uidiv.o ABSOLUTE
    ../clib/microlib/division.c              0x00000000   Number         0  uldiv.o ABSOLUTE
    ../clib/microlib/init/entry.s            0x00000000   Number         0  entry7b.o ABSOLUTE
    ../clib/microlib/init/entry.s            0x00000000   Number         0  entry8a.o ABSOLUTE
    ../clib/microlib/init/entry.s            0x00000000   Number         0  entry8b.o ABSOLUTE
    ../clib/microlib/init/entry.s            0x00000000   Number         0  entry5.o ABSOLUTE
    ../clib/microlib/init/entry.s            0x00000000   Number         0  entry9a.o ABSOLUTE
    ../clib/microlib/init/entry.s            0x00000000   Number         0  entry11a.o ABSOLUTE
    ../clib/microlib/init/entry.s            0x00000000   Number         0  entry.o ABSOLUTE
    ../clib/microlib/init/entry.s            0x00000000   Number         0  entry9b.o ABSOLUTE
    ../clib/microlib/init/entry.s            0x00000000   Number         0  entry10a.o ABSOLUTE
    ../clib/microlib/init/entry.s            0x00000000   Number         0  entry10b.o ABSOLUTE
    ../clib/microlib/init/entry.s            0x00000000   Number         0  entry11b.o ABSOLUTE
    ../clib/microlib/init/entry.s            0x00000000   Number         0  entry2.o ABSOLUTE
    ../clib/microlib/init/entry.s            0x00000000   Number         0  entry7a.o ABSOLUTE
    ../clib/microlib/longlong.c              0x00000000   Number         0  llushr.o ABSOLUTE
    ../clib/microlib/longlong.c              0x00000000   Number         0  llshl.o ABSOLUTE
    ../clib/microlib/longlong.c              0x00000000   Number         0  llsshr.o ABSOLUTE
    ../clib/microlib/printf/printf.c         0x00000000   Number         0  printf7.o ABSOLUTE
    ../clib/microlib/printf/printf.c         0x00000000   Number         0  printfb.o ABSOLUTE
    ../clib/microlib/printf/printf.c         0x00000000   Number         0  printf0.o ABSOLUTE
    ../clib/microlib/printf/printf.c         0x00000000   Number         0  printf1.o ABSOLUTE
    ../clib/microlib/printf/printf.c         0x00000000   Number         0  printf8.o ABSOLUTE
    ../clib/microlib/printf/printf.c         0x00000000   Number         0  printfa.o ABSOLUTE
    ../clib/microlib/printf/printf.c         0x00000000   Number         0  printf2.o ABSOLUTE
    ../clib/microlib/printf/printf.c         0x00000000   Number         0  printf3.o ABSOLUTE
    ../clib/microlib/printf/printf.c         0x00000000   Number         0  printf4.o ABSOLUTE
    ../clib/microlib/printf/printf.c         0x00000000   Number         0  printf5.o ABSOLUTE
    ../clib/microlib/printf/printf.c         0x00000000   Number         0  printf6.o ABSOLUTE
    ../clib/microlib/printf/stubs.s          0x00000000   Number         0  stubs.o ABSOLUTE
    ../clib/microlib/stdio/fputc.c           0x00000000   Number         0  fputc.o ABSOLUTE
    ../clib/microlib/stdio/semi.s            0x00000000   Number         0  semi.o ABSOLUTE
    ../clib/microlib/stdio/streams.c         0x00000000   Number         0  stdout.o ABSOLUTE
    ../clib/microlib/string/strlen.c         0x00000000   Number         0  strlen.o ABSOLUTE
    ../clib/microlib/stubs.s                 0x00000000   Number         0  iusesemip.o ABSOLUTE
    ../clib/microlib/stubs.s                 0x00000000   Number         0  iusefp.o ABSOLUTE
    ../fplib/microlib/d2f.c                  0x00000000   Number         0  d2f.o ABSOLUTE
    ../fplib/microlib/f2d.c                  0x00000000   Number         0  f2d.o ABSOLUTE
    ../fplib/microlib/fpadd.c                0x00000000   Number         0  dadd.o ABSOLUTE
    ../fplib/microlib/fpdiv.c                0x00000000   Number         0  ddiv.o ABSOLUTE
    ../fplib/microlib/fpepilogue.c           0x00000000   Number         0  depilogue.o ABSOLUTE
    ../fplib/microlib/fpepilogue.c           0x00000000   Number         0  fepilogue.o ABSOLUTE
    ../fplib/microlib/fpfix.c                0x00000000   Number         0  dfixul.o ABSOLUTE
    ../fplib/microlib/fpfix.c                0x00000000   Number         0  ffixi.o ABSOLUTE
    ../fplib/microlib/fpflt.c                0x00000000   Number         0  dfltui.o ABSOLUTE
    ../fplib/microlib/fpmul.c                0x00000000   Number         0  dmul.o ABSOLUTE
    ..\Libraries\CMSIS\core_cm3.c            0x00000000   Number         0  core_cm3.o ABSOLUTE
    ..\Libraries\CMSIS\startup\arm\startup_stm32f10x_md.s 0x00000000   Number         0  startup_stm32f10x_md.o ABSOLUTE
    ..\Libraries\CMSIS\system_stm32f10x.c    0x00000000   Number         0  system_stm32f10x.o ABSOLUTE
    ..\Libraries\STM32F10x_StdPeriph_Driver\src\misc.c 0x00000000   Number         0  misc.o ABSOLUTE
    ..\Libraries\STM32F10x_StdPeriph_Driver\src\stm32f10x_adc.c 0x00000000   Number         0  stm32f10x_adc.o ABSOLUTE
    ..\Libraries\STM32F10x_StdPeriph_Driver\src\stm32f10x_bkp.c 0x00000000   Number         0  stm32f10x_bkp.o ABSOLUTE
    ..\Libraries\STM32F10x_StdPeriph_Driver\src\stm32f10x_can.c 0x00000000   Number         0  stm32f10x_can.o ABSOLUTE
    ..\Libraries\STM32F10x_StdPeriph_Driver\src\stm32f10x_cec.c 0x00000000   Number         0  stm32f10x_cec.o ABSOLUTE
    ..\Libraries\STM32F10x_StdPeriph_Driver\src\stm32f10x_crc.c 0x00000000   Number         0  stm32f10x_crc.o ABSOLUTE
    ..\Libraries\STM32F10x_StdPeriph_Driver\src\stm32f10x_dac.c 0x00000000   Number         0  stm32f10x_dac.o ABSOLUTE
    ..\Libraries\STM32F10x_StdPeriph_Driver\src\stm32f10x_dbgmcu.c 0x00000000   Number         0  stm32f10x_dbgmcu.o ABSOLUTE
    ..\Libraries\STM32F10x_StdPeriph_Driver\src\stm32f10x_dma.c 0x00000000   Number         0  stm32f10x_dma.o ABSOLUTE
    ..\Libraries\STM32F10x_StdPeriph_Driver\src\stm32f10x_exti.c 0x00000000   Number         0  stm32f10x_exti.o ABSOLUTE
    ..\Libraries\STM32F10x_StdPeriph_Driver\src\stm32f10x_flash.c 0x00000000   Number         0  stm32f10x_flash.o ABSOLUTE
    ..\Libraries\STM32F10x_StdPeriph_Driver\src\stm32f10x_fsmc.c 0x00000000   Number         0  stm32f10x_fsmc.o ABSOLUTE
    ..\Libraries\STM32F10x_StdPeriph_Driver\src\stm32f10x_gpio.c 0x00000000   Number         0  stm32f10x_gpio.o ABSOLUTE
    ..\Libraries\STM32F10x_StdPeriph_Driver\src\stm32f10x_i2c.c 0x00000000   Number         0  stm32f10x_i2c.o ABSOLUTE
    ..\Libraries\STM32F10x_StdPeriph_Driver\src\stm32f10x_iwdg.c 0x00000000   Number         0  stm32f10x_iwdg.o ABSOLUTE
    ..\Libraries\STM32F10x_StdPeriph_Driver\src\stm32f10x_pwr.c 0x00000000   Number         0  stm32f10x_pwr.o ABSOLUTE
    ..\Libraries\STM32F10x_StdPeriph_Driver\src\stm32f10x_rcc.c 0x00000000   Number         0  stm32f10x_rcc.o ABSOLUTE
    ..\Libraries\STM32F10x_StdPeriph_Driver\src\stm32f10x_rtc.c 0x00000000   Number         0  stm32f10x_rtc.o ABSOLUTE
    ..\Libraries\STM32F10x_StdPeriph_Driver\src\stm32f10x_sdio.c 0x00000000   Number         0  stm32f10x_sdio.o ABSOLUTE
    ..\Libraries\STM32F10x_StdPeriph_Driver\src\stm32f10x_spi.c 0x00000000   Number         0  stm32f10x_spi.o ABSOLUTE
    ..\Libraries\STM32F10x_StdPeriph_Driver\src\stm32f10x_tim.c 0x00000000   Number         0  stm32f10x_tim.o ABSOLUTE
    ..\Libraries\STM32F10x_StdPeriph_Driver\src\stm32f10x_usart.c 0x00000000   Number         0  stm32f10x_usart.o ABSOLUTE
    ..\Libraries\STM32F10x_StdPeriph_Driver\src\stm32f10x_wwdg.c 0x00000000   Number         0  stm32f10x_wwdg.o ABSOLUTE
    ..\SYS\main.c                            0x00000000   Number         0  main.o ABSOLUTE
    ..\SYS\menu\menu.c                       0x00000000   Number         0  menu.o ABSOLUTE
    ..\SYS\my_usart\my_usart1.c              0x00000000   Number         0  my_usart1.o ABSOLUTE
    ..\SYS\sys.c                             0x00000000   Number         0  sys.o ABSOLUTE
    ..\SYS\time\time1.c                      0x00000000   Number         0  time1.o ABSOLUTE
    ..\SYS\time\time2.c                      0x00000000   Number         0  time2.o ABSOLUTE
    ..\User\SERVO\servo.c                    0x00000000   Number         0  servo.o ABSOLUTE
    ..\User\adc\adc.c                        0x00000000   Number         0  adc.o ABSOLUTE
    ..\User\beep\bsp_beep.c                  0x00000000   Number         0  bsp_beep.o ABSOLUTE
    ..\User\delay\delay.c                    0x00000000   Number         0  delay.o ABSOLUTE
    ..\User\ds18b20\ds18b20.c                0x00000000   Number         0  ds18b20.o ABSOLUTE
    ..\User\key\key.c                        0x00000000   Number         0  key.o ABSOLUTE
    ..\User\led\led.c                        0x00000000   Number         0  led.o ABSOLUTE
    ..\User\oled\bsp_oled_iic.c              0x00000000   Number         0  bsp_oled_iic.o ABSOLUTE
    ..\User\relay\relay.c                    0x00000000   Number         0  relay.o ABSOLUTE
    ..\User\stm32f10x_it.c                   0x00000000   Number         0  stm32f10x_it.o ABSOLUTE
    ..\\Libraries\\CMSIS\\core_cm3.c         0x00000000   Number         0  core_cm3.o ABSOLUTE
    cdrcmple.s                               0x00000000   Number         0  cdrcmple.o ABSOLUTE
    dc.s                                     0x00000000   Number         0  dc.o ABSOLUTE
    handlers.s                               0x00000000   Number         0  handlers.o ABSOLUTE
    init.s                                   0x00000000   Number         0  init.o ABSOLUTE
    RESET                                    0x08000000   Section      236  startup_stm32f10x_md.o(RESET)
    .ARM.Collect$$$$00000000                 0x080000ec   Section        0  entry.o(.ARM.Collect$$$$00000000)
    .ARM.Collect$$$$00000001                 0x080000ec   Section        4  entry2.o(.ARM.Collect$$$$00000001)
    .ARM.Collect$$$$00000004                 0x080000f0   Section        4  entry5.o(.ARM.Collect$$$$00000004)
    .ARM.Collect$$$$00000008                 0x080000f4   Section        0  entry7b.o(.ARM.Collect$$$$00000008)
    .ARM.Collect$$$$0000000A                 0x080000f4   Section        0  entry8b.o(.ARM.Collect$$$$0000000A)
    .ARM.Collect$$$$0000000B                 0x080000f4   Section        8  entry9a.o(.ARM.Collect$$$$0000000B)
    .ARM.Collect$$$$0000000D                 0x080000fc   Section        0  entry10a.o(.ARM.Collect$$$$0000000D)
    .ARM.Collect$$$$0000000F                 0x080000fc   Section        0  entry11a.o(.ARM.Collect$$$$0000000F)
    .ARM.Collect$$$$00002712                 0x080000fc   Section        4  entry2.o(.ARM.Collect$$$$00002712)
    __lit__00000000                          0x080000fc   Data           4  entry2.o(.ARM.Collect$$$$00002712)
    .text                                    0x08000100   Section       36  startup_stm32f10x_md.o(.text)
    .text                                    0x08000124   Section        0  strlen.o(.text)
    .text                                    0x08000132   Section        0  dmul.o(.text)
    .text                                    0x08000216   Section        0  dfltui.o(.text)
    .text                                    0x08000230   Section        0  ffixi.o(.text)
    .text                                    0x08000262   Section        0  d2f.o(.text)
    .text                                    0x0800029a   Section        0  uidiv.o(.text)
    .text                                    0x080002c6   Section        0  uldiv.o(.text)
    .text                                    0x08000328   Section        0  iusefp.o(.text)
    .text                                    0x08000328   Section        0  fepilogue.o(.text)
    .text                                    0x08000396   Section        0  depilogue.o(.text)
    .text                                    0x08000450   Section        0  dadd.o(.text)
    .text                                    0x0800059e   Section        0  ddiv.o(.text)
    .text                                    0x0800067c   Section        0  dfixul.o(.text)
    .text                                    0x080006ac   Section       48  cdrcmple.o(.text)
    .text                                    0x080006dc   Section       36  init.o(.text)
    .text                                    0x08000700   Section        0  llshl.o(.text)
    .text                                    0x0800071e   Section        0  llushr.o(.text)
    .text                                    0x0800073e   Section        0  llsshr.o(.text)
    i.ADC_Cmd                                0x08000762   Section        0  stm32f10x_adc.o(i.ADC_Cmd)
    i.ADC_DeInit                             0x08000778   Section        0  stm32f10x_adc.o(i.ADC_DeInit)
    i.ADC_GetCalibrationStatus               0x080007d4   Section        0  stm32f10x_adc.o(i.ADC_GetCalibrationStatus)
    i.ADC_GetConversionValue                 0x080007e8   Section        0  stm32f10x_adc.o(i.ADC_GetConversionValue)
    i.ADC_GetFlagStatus                      0x080007f0   Section        0  stm32f10x_adc.o(i.ADC_GetFlagStatus)
    i.ADC_GetResetCalibrationStatus          0x08000802   Section        0  stm32f10x_adc.o(i.ADC_GetResetCalibrationStatus)
    i.ADC_Init                               0x08000818   Section        0  stm32f10x_adc.o(i.ADC_Init)
    i.ADC_RegularChannelConfig               0x08000868   Section        0  stm32f10x_adc.o(i.ADC_RegularChannelConfig)
    i.ADC_ResetCalibration                   0x08000920   Section        0  stm32f10x_adc.o(i.ADC_ResetCalibration)
    i.ADC_SoftwareStartConvCmd               0x0800092a   Section        0  stm32f10x_adc.o(i.ADC_SoftwareStartConvCmd)
    i.ADC_StartCalibration                   0x08000940   Section        0  stm32f10x_adc.o(i.ADC_StartCalibration)
    i.Adc_Init                               0x0800094c   Section        0  adc.o(i.Adc_Init)
    i.AutoContrl                             0x080009d8   Section        0  menu.o(i.AutoContrl)
    i.Beep_Init                              0x08000a58   Section        0  bsp_beep.o(i.Beep_Init)
    i.BusFault_Handler                       0x08000a98   Section        0  stm32f10x_it.o(i.BusFault_Handler)
    i.Control_SG90                           0x08000a9c   Section        0  servo.o(i.Control_SG90)
    i.DS18B20_Check                          0x08000adc   Section        0  ds18b20.o(i.DS18B20_Check)
    i.DS18B20_GetTemperture                  0x08000b2c   Section        0  ds18b20.o(i.DS18B20_GetTemperture)
    i.DS18B20_IO_IN                          0x08000ba8   Section        0  ds18b20.o(i.DS18B20_IO_IN)
    i.DS18B20_IO_OUT                         0x08000bc4   Section        0  ds18b20.o(i.DS18B20_IO_OUT)
    i.DS18B20_Init                           0x08000be8   Section        0  ds18b20.o(i.DS18B20_Init)
    i.DS18B20_Read_Bit                       0x08000c1c   Section        0  ds18b20.o(i.DS18B20_Read_Bit)
    i.DS18B20_Read_Byte                      0x08000c60   Section        0  ds18b20.o(i.DS18B20_Read_Byte)
    i.DS18B20_Reset                          0x08000c84   Section        0  ds18b20.o(i.DS18B20_Reset)
    i.DS18B20_Start                          0x08000cb0   Section        0  ds18b20.o(i.DS18B20_Start)
    i.DS18B20_Write_Byte                     0x08000cc8   Section        0  ds18b20.o(i.DS18B20_Write_Byte)
    i.DebugMon_Handler                       0x08000d24   Section        0  stm32f10x_it.o(i.DebugMon_Handler)
    i.Delay_1ms                              0x08000d26   Section        0  bsp_oled_iic.o(i.Delay_1ms)
    i.GPIO_Init                              0x08000d40   Section        0  stm32f10x_gpio.o(i.GPIO_Init)
    i.GPIO_ReadInputDataBit                  0x08000e56   Section        0  stm32f10x_gpio.o(i.GPIO_ReadInputDataBit)
    i.GPIO_ResetBits                         0x08000e68   Section        0  stm32f10x_gpio.o(i.GPIO_ResetBits)
    i.GPIO_SetBits                           0x08000e6c   Section        0  stm32f10x_gpio.o(i.GPIO_SetBits)
    i.Get_Adc                                0x08000e70   Section        0  adc.o(i.Get_Adc)
    i.Get_Adc_Average                        0x08000ea4   Section        0  adc.o(i.Get_Adc_Average)
    i.HardFault_Handler                      0x08000ed2   Section        0  stm32f10x_it.o(i.HardFault_Handler)
    i.IIC_Start                              0x08000ed8   Section        0  bsp_oled_iic.o(i.IIC_Start)
    IIC_Start                                0x08000ed9   Thumb Code    44  bsp_oled_iic.o(i.IIC_Start)
    i.IIC_Stop                               0x08000f08   Section        0  bsp_oled_iic.o(i.IIC_Stop)
    IIC_Stop                                 0x08000f09   Thumb Code    34  bsp_oled_iic.o(i.IIC_Stop)
    i.IIC_Wait_Ack                           0x08000f30   Section        0  bsp_oled_iic.o(i.IIC_Wait_Ack)
    IIC_Wait_Ack                             0x08000f31   Thumb Code    24  bsp_oled_iic.o(i.IIC_Wait_Ack)
    i.Inform_Show                            0x08000f4c   Section        0  menu.o(i.Inform_Show)
    i.KEY_Init                               0x08001014   Section        0  key.o(i.KEY_Init)
    i.Key1Press                              0x0800103c   Section        0  key.o(i.Key1Press)
    i.Key2Press                              0x08001050   Section        0  key.o(i.Key2Press)
    i.Key3Press                              0x08001064   Section        0  key.o(i.Key3Press)
    i.Key4Press                              0x08001078   Section        0  key.o(i.Key4Press)
    i.KeyScan                                0x0800108c   Section        0  key.o(i.KeyScan)
    i.LED_GPIO_Config                        0x080011e8   Section        0  led.o(i.LED_GPIO_Config)
    i.Manual_Contrl                          0x08001220   Section        0  menu.o(i.Manual_Contrl)
    i.Manual_Mode                            0x080015a8   Section        0  menu.o(i.Manual_Mode)
    i.MemManage_Handler                      0x08001730   Section        0  stm32f10x_it.o(i.MemManage_Handler)
    i.Mode_Decide                            0x08001734   Section        0  menu.o(i.Mode_Decide)
    i.NMI_Handler                            0x080017c0   Section        0  stm32f10x_it.o(i.NMI_Handler)
    i.NVIC_Config                            0x080017c2   Section        0  sys.o(i.NVIC_Config)
    i.NVIC_Init                              0x08001878   Section        0  misc.o(i.NVIC_Init)
    i.NVIC_PriorityGroupConfig               0x080018e8   Section        0  misc.o(i.NVIC_PriorityGroupConfig)
    i.OLED_Set_Pos                           0x080018fc   Section        0  bsp_oled_iic.o(i.OLED_Set_Pos)
    i.OLED_ShowChar                          0x08001924   Section        0  bsp_oled_iic.o(i.OLED_ShowChar)
    i.OLED_WR_Byte                           0x080019c8   Section        0  bsp_oled_iic.o(i.OLED_WR_Byte)
    i.PendSV_Handler                         0x080019e0   Section        0  stm32f10x_it.o(i.PendSV_Handler)
    i.RCC_ADCCLKConfig                       0x080019e4   Section        0  stm32f10x_rcc.o(i.RCC_ADCCLKConfig)
    i.RCC_APB2PeriphClockCmd                 0x080019fc   Section        0  stm32f10x_rcc.o(i.RCC_APB2PeriphClockCmd)
    i.RCC_APB2PeriphResetCmd                 0x08001a1c   Section        0  stm32f10x_rcc.o(i.RCC_APB2PeriphResetCmd)
    i.RELAY_GPIO_Config                      0x08001a3c   Section        0  relay.o(i.RELAY_GPIO_Config)
    i.SG90_Init                              0x08001a74   Section        0  servo.o(i.SG90_Init)
    i.SVC_Handler                            0x08001aa0   Section        0  stm32f10x_it.o(i.SVC_Handler)
    i.SetSysClock                            0x08001aa2   Section        0  system_stm32f10x.o(i.SetSysClock)
    SetSysClock                              0x08001aa3   Thumb Code     8  system_stm32f10x.o(i.SetSysClock)
    i.SetSysClockTo72                        0x08001aac   Section        0  system_stm32f10x.o(i.SetSysClockTo72)
    SetSysClockTo72                          0x08001aad   Thumb Code   214  system_stm32f10x.o(i.SetSysClockTo72)
    i.SysTick_CLKSourceConfig                0x08001b8c   Section        0  misc.o(i.SysTick_CLKSourceConfig)
    i.SysTick_Handler                        0x08001bb4   Section        0  stm32f10x_it.o(i.SysTick_Handler)
    i.SystemInit                             0x08001bb8   Section        0  system_stm32f10x.o(i.SystemInit)
    i.TIM1_Int_Init                          0x08001c18   Section        0  time1.o(i.TIM1_Int_Init)
    i.TIM1_UP_IRQHandler                     0x08001c90   Section        0  time1.o(i.TIM1_UP_IRQHandler)
    i.TIM2_IRQHandler                        0x08001d38   Section        0  time2.o(i.TIM2_IRQHandler)
    i.TIM_ClearFlag                          0x08001dcc   Section        0  stm32f10x_tim.o(i.TIM_ClearFlag)
    i.TIM_ClearITPendingBit                  0x08001dd2   Section        0  stm32f10x_tim.o(i.TIM_ClearITPendingBit)
    i.TIM_Cmd                                0x08001dd8   Section        0  stm32f10x_tim.o(i.TIM_Cmd)
    i.TIM_GetITStatus                        0x08001df0   Section        0  stm32f10x_tim.o(i.TIM_GetITStatus)
    i.TIM_ITConfig                           0x08001e12   Section        0  stm32f10x_tim.o(i.TIM_ITConfig)
    i.TIM_TimeBaseInit                       0x08001e24   Section        0  stm32f10x_tim.o(i.TIM_TimeBaseInit)
    i.ThresholdSet                           0x08001ec8   Section        0  menu.o(i.ThresholdSet)
    i.Threshold_Init                         0x080020e8   Section        0  main.o(i.Threshold_Init)
    i.Timed_mode                             0x080020f8   Section        0  menu.o(i.Timed_mode)
    i.USART1_IRQHandler                      0x08002404   Section        0  my_usart1.o(i.USART1_IRQHandler)
    i.USART_ClearITPendingBit                0x08002424   Section        0  stm32f10x_usart.o(i.USART_ClearITPendingBit)
    i.USART_GetFlagStatus                    0x08002442   Section        0  stm32f10x_usart.o(i.USART_GetFlagStatus)
    i.USART_GetITStatus                      0x0800245c   Section        0  stm32f10x_usart.o(i.USART_GetITStatus)
    i.USART_SendByte                         0x080024b0   Section        0  my_usart1.o(i.USART_SendByte)
    i.UsageFault_Handler                     0x080024cc   Section        0  stm32f10x_it.o(i.UsageFault_Handler)
    i.Write_IIC_Byte                         0x080024d0   Section        0  bsp_oled_iic.o(i.Write_IIC_Byte)
    Write_IIC_Byte                           0x080024d1   Thumb Code    88  bsp_oled_iic.o(i.Write_IIC_Byte)
    i.Write_IIC_Command                      0x0800252c   Section        0  bsp_oled_iic.o(i.Write_IIC_Command)
    Write_IIC_Command                        0x0800252d   Thumb Code    44  bsp_oled_iic.o(i.Write_IIC_Command)
    i.Write_IIC_Data                         0x08002558   Section        0  bsp_oled_iic.o(i.Write_IIC_Data)
    Write_IIC_Data                           0x08002559   Thumb Code    44  bsp_oled_iic.o(i.Write_IIC_Data)
    i.__0vsprintf                            0x08002584   Section        0  printfa.o(i.__0vsprintf)
    i.__scatterload_copy                     0x080025a8   Section       14  handlers.o(i.__scatterload_copy)
    i.__scatterload_null                     0x080025b6   Section        2  handlers.o(i.__scatterload_null)
    i.__scatterload_zeroinit                 0x080025b8   Section       14  handlers.o(i.__scatterload_zeroinit)
    i._fp_digits                             0x080025c8   Section        0  printfa.o(i._fp_digits)
    _fp_digits                               0x080025c9   Thumb Code   334  printfa.o(i._fp_digits)
    i._printf_core                           0x0800272c   Section        0  printfa.o(i._printf_core)
    _printf_core                             0x0800272d   Thumb Code  1744  printfa.o(i._printf_core)
    i._printf_post_padding                   0x08002e08   Section        0  printfa.o(i._printf_post_padding)
    _printf_post_padding                     0x08002e09   Thumb Code    36  printfa.o(i._printf_post_padding)
    i._printf_pre_padding                    0x08002e2c   Section        0  printfa.o(i._printf_pre_padding)
    _printf_pre_padding                      0x08002e2d   Thumb Code    46  printfa.o(i._printf_pre_padding)
    i._sputc                                 0x08002e5a   Section        0  printfa.o(i._sputc)
    _sputc                                   0x08002e5b   Thumb Code    10  printfa.o(i._sputc)
    i.delay_init                             0x08002e64   Section        0  delay.o(i.delay_init)
    i.delay_ms                               0x08002ea8   Section        0  delay.o(i.delay_ms)
    i.delay_us                               0x08002ef4   Section        0  delay.o(i.delay_us)
    i.main                                   0x08002f40   Section        0  main.o(i.main)
    i.oled_Clear                             0x08002fbc   Section        0  bsp_oled_iic.o(i.oled_Clear)
    i.oled_Init                              0x08002ffc   Section        0  bsp_oled_iic.o(i.oled_Init)
    i.oled_ShowCHinese                       0x08003130   Section        0  bsp_oled_iic.o(i.oled_ShowCHinese)
    i.oled_ShowNum                           0x08003198   Section        0  bsp_oled_iic.o(i.oled_ShowNum)
    i.oled_ShowString                        0x08003220   Section        0  bsp_oled_iic.o(i.oled_ShowString)
    i.oled_pow                               0x0800325a   Section        0  bsp_oled_iic.o(i.oled_pow)
    i.u1_printf                              0x08003270   Section        0  my_usart1.o(i.u1_printf)
    .constdata                               0x080032c0   Section    11032  bsp_oled_iic.o(.constdata)
    F6x8                                     0x080032c0   Data         552  bsp_oled_iic.o(.constdata)
    F8X16                                    0x080034e8   Data        1520  bsp_oled_iic.o(.constdata)
    Hzk                                      0x08003ad8   Data        8960  bsp_oled_iic.o(.constdata)
    .conststring                             0x08005dd8   Section      102  time2.o(.conststring)
    .data                                    0x20000000   Section        4  main.o(.data)
    .data                                    0x20000004   Section       14  menu.o(.data)
    .data                                    0x20000012   Section        4  delay.o(.data)
    fac_us                                   0x20000012   Data           1  delay.o(.data)
    fac_ms                                   0x20000014   Data           2  delay.o(.data)
    .data                                    0x20000018   Section       16  key.o(.data)
    keyCount                                 0x20000020   Data           4  key.o(.data)
    keyState                                 0x20000024   Data           4  key.o(.data)
    .data                                    0x20000028   Section       20  system_stm32f10x.o(.data)
    .bss                                     0x2000003c   Section       20  main.o(.bss)
    .bss                                     0x20000050   Section      256  my_usart1.o(.bss)
    STACK                                    0x20000150   Section     1024  startup_stm32f10x_md.o(STACK)

    Global Symbols

    Symbol Name                              Value     Ov Type        Size  Object(Section)

    BuildAttributes$$THM_ISAv4$P$D$K$B$S$PE$A:L22UL41UL21$X:L11$S22US41US21$IEEE1$IW$USESV6$~STKCKD$USESV7$~SHL$OTIME$ROPI$EBA8$MICROLIB$REQ8$PRES8$EABIv2 0x00000000   Number         0  anon$$obj.o ABSOLUTE
    __ARM_use_no_argv                        0x00000000   Number         0  main.o ABSOLUTE
    _printf_a                                0x00000000   Number         0  stubs.o ABSOLUTE
    _printf_c                                0x00000000   Number         0  stubs.o ABSOLUTE
    _printf_charcount                        0x00000000   Number         0  stubs.o ABSOLUTE
    _printf_d                                0x00000000   Number         0  stubs.o ABSOLUTE
    _printf_e                                0x00000000   Number         0  stubs.o ABSOLUTE
    _printf_f                                0x00000000   Number         0  stubs.o ABSOLUTE
    _printf_flags                            0x00000000   Number         0  stubs.o ABSOLUTE
    _printf_fp_dec                           0x00000000   Number         0  stubs.o ABSOLUTE
    _printf_fp_hex                           0x00000000   Number         0  stubs.o ABSOLUTE
    _printf_g                                0x00000000   Number         0  stubs.o ABSOLUTE
    _printf_i                                0x00000000   Number         0  stubs.o ABSOLUTE
    _printf_int_dec                          0x00000000   Number         0  stubs.o ABSOLUTE
    _printf_l                                0x00000000   Number         0  stubs.o ABSOLUTE
    _printf_lc                               0x00000000   Number         0  stubs.o ABSOLUTE
    _printf_ll                               0x00000000   Number         0  stubs.o ABSOLUTE
    _printf_lld                              0x00000000   Number         0  stubs.o ABSOLUTE
    _printf_lli                              0x00000000   Number         0  stubs.o ABSOLUTE
    _printf_llo                              0x00000000   Number         0  stubs.o ABSOLUTE
    _printf_llu                              0x00000000   Number         0  stubs.o ABSOLUTE
    _printf_llx                              0x00000000   Number         0  stubs.o ABSOLUTE
    _printf_longlong_dec                     0x00000000   Number         0  stubs.o ABSOLUTE
    _printf_longlong_hex                     0x00000000   Number         0  stubs.o ABSOLUTE
    _printf_longlong_oct                     0x00000000   Number         0  stubs.o ABSOLUTE
    _printf_ls                               0x00000000   Number         0  stubs.o ABSOLUTE
    _printf_mbtowc                           0x00000000   Number         0  stubs.o ABSOLUTE
    _printf_n                                0x00000000   Number         0  stubs.o ABSOLUTE
    _printf_o                                0x00000000   Number         0  stubs.o ABSOLUTE
    _printf_p                                0x00000000   Number         0  stubs.o ABSOLUTE
    _printf_percent                          0x00000000   Number         0  stubs.o ABSOLUTE
    _printf_pre_padding                      0x00000000   Number         0  stubs.o ABSOLUTE
    _printf_return_value                     0x00000000   Number         0  stubs.o ABSOLUTE
    _printf_s                                0x00000000   Number         0  stubs.o ABSOLUTE
    _printf_sizespec                         0x00000000   Number         0  stubs.o ABSOLUTE
    _printf_str                              0x00000000   Number         0  stubs.o ABSOLUTE
    _printf_truncate_signed                  0x00000000   Number         0  stubs.o ABSOLUTE
    _printf_truncate_unsigned                0x00000000   Number         0  stubs.o ABSOLUTE
    _printf_u                                0x00000000   Number         0  stubs.o ABSOLUTE
    _printf_wc                               0x00000000   Number         0  stubs.o ABSOLUTE
    _printf_wctomb                           0x00000000   Number         0  stubs.o ABSOLUTE
    _printf_widthprec                        0x00000000   Number         0  stubs.o ABSOLUTE
    _printf_x                                0x00000000   Number         0  stubs.o ABSOLUTE
    __cpp_initialize__aeabi_                  - Undefined Weak Reference
    __cxa_finalize                            - Undefined Weak Reference
    __decompress                              - Undefined Weak Reference
    _clock_init                               - Undefined Weak Reference
    _microlib_exit                            - Undefined Weak Reference
    __Vectors_Size                           0x000000ec   Number         0  startup_stm32f10x_md.o ABSOLUTE
    __Vectors                                0x08000000   Data           4  startup_stm32f10x_md.o(RESET)
    __Vectors_End                            0x080000ec   Data           0  startup_stm32f10x_md.o(RESET)
    __main                                   0x080000ed   Thumb Code     0  entry.o(.ARM.Collect$$$$00000000)
    _main_stk                                0x080000ed   Thumb Code     0  entry2.o(.ARM.Collect$$$$00000001)
    _main_scatterload                        0x080000f1   Thumb Code     0  entry5.o(.ARM.Collect$$$$00000004)
    __main_after_scatterload                 0x080000f5   Thumb Code     0  entry5.o(.ARM.Collect$$$$00000004)
    _main_clock                              0x080000f5   Thumb Code     0  entry7b.o(.ARM.Collect$$$$00000008)
    _main_cpp_init                           0x080000f5   Thumb Code     0  entry8b.o(.ARM.Collect$$$$0000000A)
    _main_init                               0x080000f5   Thumb Code     0  entry9a.o(.ARM.Collect$$$$0000000B)
    __rt_final_cpp                           0x080000fd   Thumb Code     0  entry10a.o(.ARM.Collect$$$$0000000D)
    __rt_final_exit                          0x080000fd   Thumb Code     0  entry11a.o(.ARM.Collect$$$$0000000F)
    Reset_Handler                            0x08000101   Thumb Code     8  startup_stm32f10x_md.o(.text)
    ADC1_2_IRQHandler                        0x0800011b   Thumb Code     0  startup_stm32f10x_md.o(.text)
    CAN1_RX1_IRQHandler                      0x0800011b   Thumb Code     0  startup_stm32f10x_md.o(.text)
    CAN1_SCE_IRQHandler                      0x0800011b   Thumb Code     0  startup_stm32f10x_md.o(.text)
    DMA1_Channel1_IRQHandler                 0x0800011b   Thumb Code     0  startup_stm32f10x_md.o(.text)
    DMA1_Channel2_IRQHandler                 0x0800011b   Thumb Code     0  startup_stm32f10x_md.o(.text)
    DMA1_Channel3_IRQHandler                 0x0800011b   Thumb Code     0  startup_stm32f10x_md.o(.text)
    DMA1_Channel4_IRQHandler                 0x0800011b   Thumb Code     0  startup_stm32f10x_md.o(.text)
    DMA1_Channel5_IRQHandler                 0x0800011b   Thumb Code     0  startup_stm32f10x_md.o(.text)
    DMA1_Channel6_IRQHandler                 0x0800011b   Thumb Code     0  startup_stm32f10x_md.o(.text)
    DMA1_Channel7_IRQHandler                 0x0800011b   Thumb Code     0  startup_stm32f10x_md.o(.text)
    EXTI0_IRQHandler                         0x0800011b   Thumb Code     0  startup_stm32f10x_md.o(.text)
    EXTI15_10_IRQHandler                     0x0800011b   Thumb Code     0  startup_stm32f10x_md.o(.text)
    EXTI1_IRQHandler                         0x0800011b   Thumb Code     0  startup_stm32f10x_md.o(.text)
    EXTI2_IRQHandler                         0x0800011b   Thumb Code     0  startup_stm32f10x_md.o(.text)
    EXTI3_IRQHandler                         0x0800011b   Thumb Code     0  startup_stm32f10x_md.o(.text)
    EXTI4_IRQHandler                         0x0800011b   Thumb Code     0  startup_stm32f10x_md.o(.text)
    EXTI9_5_IRQHandler                       0x0800011b   Thumb Code     0  startup_stm32f10x_md.o(.text)
    FLASH_IRQHandler                         0x0800011b   Thumb Code     0  startup_stm32f10x_md.o(.text)
    I2C1_ER_IRQHandler                       0x0800011b   Thumb Code     0  startup_stm32f10x_md.o(.text)
    I2C1_EV_IRQHandler                       0x0800011b   Thumb Code     0  startup_stm32f10x_md.o(.text)
    I2C2_ER_IRQHandler                       0x0800011b   Thumb Code     0  startup_stm32f10x_md.o(.text)
    I2C2_EV_IRQHandler                       0x0800011b   Thumb Code     0  startup_stm32f10x_md.o(.text)
    PVD_IRQHandler                           0x0800011b   Thumb Code     0  startup_stm32f10x_md.o(.text)
    RCC_IRQHandler                           0x0800011b   Thumb Code     0  startup_stm32f10x_md.o(.text)
    RTCAlarm_IRQHandler                      0x0800011b   Thumb Code     0  startup_stm32f10x_md.o(.text)
    RTC_IRQHandler                           0x0800011b   Thumb Code     0  startup_stm32f10x_md.o(.text)
    SPI1_IRQHandler                          0x0800011b   Thumb Code     0  startup_stm32f10x_md.o(.text)
    SPI2_IRQHandler                          0x0800011b   Thumb Code     0  startup_stm32f10x_md.o(.text)
    TAMPER_IRQHandler                        0x0800011b   Thumb Code     0  startup_stm32f10x_md.o(.text)
    TIM1_BRK_IRQHandler                      0x0800011b   Thumb Code     0  startup_stm32f10x_md.o(.text)
    TIM1_CC_IRQHandler                       0x0800011b   Thumb Code     0  startup_stm32f10x_md.o(.text)
    TIM1_TRG_COM_IRQHandler                  0x0800011b   Thumb Code     0  startup_stm32f10x_md.o(.text)
    TIM3_IRQHandler                          0x0800011b   Thumb Code     0  startup_stm32f10x_md.o(.text)
    TIM4_IRQHandler                          0x0800011b   Thumb Code     0  startup_stm32f10x_md.o(.text)
    USART2_IRQHandler                        0x0800011b   Thumb Code     0  startup_stm32f10x_md.o(.text)
    USART3_IRQHandler                        0x0800011b   Thumb Code     0  startup_stm32f10x_md.o(.text)
    USBWakeUp_IRQHandler                     0x0800011b   Thumb Code     0  startup_stm32f10x_md.o(.text)
    USB_HP_CAN1_TX_IRQHandler                0x0800011b   Thumb Code     0  startup_stm32f10x_md.o(.text)
    USB_LP_CAN1_RX0_IRQHandler               0x0800011b   Thumb Code     0  startup_stm32f10x_md.o(.text)
    WWDG_IRQHandler                          0x0800011b   Thumb Code     0  startup_stm32f10x_md.o(.text)
    strlen                                   0x08000125   Thumb Code    14  strlen.o(.text)
    __aeabi_dmul                             0x08000133   Thumb Code   228  dmul.o(.text)
    __aeabi_ui2d                             0x08000217   Thumb Code    26  dfltui.o(.text)
    __aeabi_f2iz                             0x08000231   Thumb Code    50  ffixi.o(.text)
    __aeabi_d2f                              0x08000263   Thumb Code    56  d2f.o(.text)
    __aeabi_uidiv                            0x0800029b   Thumb Code     0  uidiv.o(.text)
    __aeabi_uidivmod                         0x0800029b   Thumb Code    44  uidiv.o(.text)
    __aeabi_uldivmod                         0x080002c7   Thumb Code    98  uldiv.o(.text)
    __I$use$fp                               0x08000329   Thumb Code     0  iusefp.o(.text)
    _float_round                             0x08000329   Thumb Code    18  fepilogue.o(.text)
    _float_epilogue                          0x0800033b   Thumb Code    92  fepilogue.o(.text)
    _double_round                            0x08000397   Thumb Code    30  depilogue.o(.text)
    _double_epilogue                         0x080003b5   Thumb Code   156  depilogue.o(.text)
    __aeabi_dadd                             0x08000451   Thumb Code   322  dadd.o(.text)
    __aeabi_dsub                             0x08000593   Thumb Code     6  dadd.o(.text)
    __aeabi_drsub                            0x08000599   Thumb Code     6  dadd.o(.text)
    __aeabi_ddiv                             0x0800059f   Thumb Code   222  ddiv.o(.text)
    __aeabi_d2ulz                            0x0800067d   Thumb Code    48  dfixul.o(.text)
    __aeabi_cdrcmple                         0x080006ad   Thumb Code    48  cdrcmple.o(.text)
    __scatterload                            0x080006dd   Thumb Code    28  init.o(.text)
    __scatterload_rt2                        0x080006dd   Thumb Code     0  init.o(.text)
    __aeabi_llsl                             0x08000701   Thumb Code    30  llshl.o(.text)
    _ll_shift_l                              0x08000701   Thumb Code     0  llshl.o(.text)
    __aeabi_llsr                             0x0800071f   Thumb Code    32  llushr.o(.text)
    _ll_ushift_r                             0x0800071f   Thumb Code     0  llushr.o(.text)
    __aeabi_lasr                             0x0800073f   Thumb Code    36  llsshr.o(.text)
    _ll_sshift_r                             0x0800073f   Thumb Code     0  llsshr.o(.text)
    ADC_Cmd                                  0x08000763   Thumb Code    22  stm32f10x_adc.o(i.ADC_Cmd)
    ADC_DeInit                               0x08000779   Thumb Code    78  stm32f10x_adc.o(i.ADC_DeInit)
    ADC_GetCalibrationStatus                 0x080007d5   Thumb Code    20  stm32f10x_adc.o(i.ADC_GetCalibrationStatus)
    ADC_GetConversionValue                   0x080007e9   Thumb Code     8  stm32f10x_adc.o(i.ADC_GetConversionValue)
    ADC_GetFlagStatus                        0x080007f1   Thumb Code    18  stm32f10x_adc.o(i.ADC_GetFlagStatus)
    ADC_GetResetCalibrationStatus            0x08000803   Thumb Code    20  stm32f10x_adc.o(i.ADC_GetResetCalibrationStatus)
    ADC_Init                                 0x08000819   Thumb Code    70  stm32f10x_adc.o(i.ADC_Init)
    ADC_RegularChannelConfig                 0x08000869   Thumb Code   184  stm32f10x_adc.o(i.ADC_RegularChannelConfig)
    ADC_ResetCalibration                     0x08000921   Thumb Code    10  stm32f10x_adc.o(i.ADC_ResetCalibration)
    ADC_SoftwareStartConvCmd                 0x0800092b   Thumb Code    22  stm32f10x_adc.o(i.ADC_SoftwareStartConvCmd)
    ADC_StartCalibration                     0x08000941   Thumb Code    10  stm32f10x_adc.o(i.ADC_StartCalibration)
    Adc_Init                                 0x0800094d   Thumb Code   132  adc.o(i.Adc_Init)
    AutoContrl                               0x080009d9   Thumb Code   112  menu.o(i.AutoContrl)
    Beep_Init                                0x08000a59   Thumb Code    60  bsp_beep.o(i.Beep_Init)
    BusFault_Handler                         0x08000a99   Thumb Code     4  stm32f10x_it.o(i.BusFault_Handler)
    Control_SG90                             0x08000a9d   Thumb Code    56  servo.o(i.Control_SG90)
    DS18B20_Check                            0x08000add   Thumb Code    74  ds18b20.o(i.DS18B20_Check)
    DS18B20_GetTemperture                    0x08000b2d   Thumb Code   116  ds18b20.o(i.DS18B20_GetTemperture)
    DS18B20_IO_IN                            0x08000ba9   Thumb Code    24  ds18b20.o(i.DS18B20_IO_IN)
    DS18B20_IO_OUT                           0x08000bc5   Thumb Code    30  ds18b20.o(i.DS18B20_IO_OUT)
    DS18B20_Init                             0x08000be9   Thumb Code    46  ds18b20.o(i.DS18B20_Init)
    DS18B20_Read_Bit                         0x08000c1d   Thumb Code    60  ds18b20.o(i.DS18B20_Read_Bit)
    DS18B20_Read_Byte                        0x08000c61   Thumb Code    34  ds18b20.o(i.DS18B20_Read_Byte)
    DS18B20_Reset                            0x08000c85   Thumb Code    36  ds18b20.o(i.DS18B20_Reset)
    DS18B20_Start                            0x08000cb1   Thumb Code    24  ds18b20.o(i.DS18B20_Start)
    DS18B20_Write_Byte                       0x08000cc9   Thumb Code    84  ds18b20.o(i.DS18B20_Write_Byte)
    DebugMon_Handler                         0x08000d25   Thumb Code     2  stm32f10x_it.o(i.DebugMon_Handler)
    Delay_1ms                                0x08000d27   Thumb Code    26  bsp_oled_iic.o(i.Delay_1ms)
    GPIO_Init                                0x08000d41   Thumb Code   278  stm32f10x_gpio.o(i.GPIO_Init)
    GPIO_ReadInputDataBit                    0x08000e57   Thumb Code    18  stm32f10x_gpio.o(i.GPIO_ReadInputDataBit)
    GPIO_ResetBits                           0x08000e69   Thumb Code     4  stm32f10x_gpio.o(i.GPIO_ResetBits)
    GPIO_SetBits                             0x08000e6d   Thumb Code     4  stm32f10x_gpio.o(i.GPIO_SetBits)
    Get_Adc                                  0x08000e71   Thumb Code    46  adc.o(i.Get_Adc)
    Get_Adc_Average                          0x08000ea5   Thumb Code    46  adc.o(i.Get_Adc_Average)
    HardFault_Handler                        0x08000ed3   Thumb Code     4  stm32f10x_it.o(i.HardFault_Handler)
    Inform_Show                              0x08000f4d   Thumb Code   186  menu.o(i.Inform_Show)
    KEY_Init                                 0x08001015   Thumb Code    34  key.o(i.KEY_Init)
    Key1Press                                0x0800103d   Thumb Code    14  key.o(i.Key1Press)
    Key2Press                                0x08001051   Thumb Code    14  key.o(i.Key2Press)
    Key3Press                                0x08001065   Thumb Code    14  key.o(i.Key3Press)
    Key4Press                                0x08001079   Thumb Code    14  key.o(i.Key4Press)
    KeyScan                                  0x0800108d   Thumb Code   334  key.o(i.KeyScan)
    LED_GPIO_Config                          0x080011e9   Thumb Code    50  led.o(i.LED_GPIO_Config)
    Manual_Contrl                            0x08001221   Thumb Code   866  menu.o(i.Manual_Contrl)
    Manual_Mode                              0x080015a9   Thumb Code   356  menu.o(i.Manual_Mode)
    MemManage_Handler                        0x08001731   Thumb Code     4  stm32f10x_it.o(i.MemManage_Handler)
    Mode_Decide                              0x08001735   Thumb Code   118  menu.o(i.Mode_Decide)
    NMI_Handler                              0x080017c1   Thumb Code     2  stm32f10x_it.o(i.NMI_Handler)
    NVIC_Config                              0x080017c3   Thumb Code   180  sys.o(i.NVIC_Config)
    NVIC_Init                                0x08001879   Thumb Code   100  misc.o(i.NVIC_Init)
    NVIC_PriorityGroupConfig                 0x080018e9   Thumb Code    10  misc.o(i.NVIC_PriorityGroupConfig)
    OLED_Set_Pos                             0x080018fd   Thumb Code    40  bsp_oled_iic.o(i.OLED_Set_Pos)
    OLED_ShowChar                            0x08001925   Thumb Code   154  bsp_oled_iic.o(i.OLED_ShowChar)
    OLED_WR_Byte                             0x080019c9   Thumb Code    24  bsp_oled_iic.o(i.OLED_WR_Byte)
    PendSV_Handler                           0x080019e1   Thumb Code     2  stm32f10x_it.o(i.PendSV_Handler)
    RCC_ADCCLKConfig                         0x080019e5   Thumb Code    18  stm32f10x_rcc.o(i.RCC_ADCCLKConfig)
    RCC_APB2PeriphClockCmd                   0x080019fd   Thumb Code    26  stm32f10x_rcc.o(i.RCC_APB2PeriphClockCmd)
    RCC_APB2PeriphResetCmd                   0x08001a1d   Thumb Code    26  stm32f10x_rcc.o(i.RCC_APB2PeriphResetCmd)
    RELAY_GPIO_Config                        0x08001a3d   Thumb Code    48  relay.o(i.RELAY_GPIO_Config)
    SG90_Init                                0x08001a75   Thumb Code    38  servo.o(i.SG90_Init)
    SVC_Handler                              0x08001aa1   Thumb Code     2  stm32f10x_it.o(i.SVC_Handler)
    SysTick_CLKSourceConfig                  0x08001b8d   Thumb Code    40  misc.o(i.SysTick_CLKSourceConfig)
    SysTick_Handler                          0x08001bb5   Thumb Code     2  stm32f10x_it.o(i.SysTick_Handler)
    SystemInit                               0x08001bb9   Thumb Code    78  system_stm32f10x.o(i.SystemInit)
    TIM1_Int_Init                            0x08001c19   Thumb Code   112  time1.o(i.TIM1_Int_Init)
    TIM1_UP_IRQHandler                       0x08001c91   Thumb Code   136  time1.o(i.TIM1_UP_IRQHandler)
    TIM2_IRQHandler                          0x08001d39   Thumb Code   124  time2.o(i.TIM2_IRQHandler)
    TIM_ClearFlag                            0x08001dcd   Thumb Code     6  stm32f10x_tim.o(i.TIM_ClearFlag)
    TIM_ClearITPendingBit                    0x08001dd3   Thumb Code     6  stm32f10x_tim.o(i.TIM_ClearITPendingBit)
    TIM_Cmd                                  0x08001dd9   Thumb Code    24  stm32f10x_tim.o(i.TIM_Cmd)
    TIM_GetITStatus                          0x08001df1   Thumb Code    34  stm32f10x_tim.o(i.TIM_GetITStatus)
    TIM_ITConfig                             0x08001e13   Thumb Code    18  stm32f10x_tim.o(i.TIM_ITConfig)
    TIM_TimeBaseInit                         0x08001e25   Thumb Code   122  stm32f10x_tim.o(i.TIM_TimeBaseInit)
    ThresholdSet                             0x08001ec9   Thumb Code   506  menu.o(i.ThresholdSet)
    Threshold_Init                           0x080020e9   Thumb Code    14  main.o(i.Threshold_Init)
    Timed_mode                               0x080020f9   Thumb Code   726  menu.o(i.Timed_mode)
    USART1_IRQHandler                        0x08002405   Thumb Code    26  my_usart1.o(i.USART1_IRQHandler)
    USART_ClearITPendingBit                  0x08002425   Thumb Code    30  stm32f10x_usart.o(i.USART_ClearITPendingBit)
    USART_GetFlagStatus                      0x08002443   Thumb Code    26  stm32f10x_usart.o(i.USART_GetFlagStatus)
    USART_GetITStatus                        0x0800245d   Thumb Code    84  stm32f10x_usart.o(i.USART_GetITStatus)
    USART_SendByte                           0x080024b1   Thumb Code    28  my_usart1.o(i.USART_SendByte)
    UsageFault_Handler                       0x080024cd   Thumb Code     4  stm32f10x_it.o(i.UsageFault_Handler)
    __0vsprintf                              0x08002585   Thumb Code    30  printfa.o(i.__0vsprintf)
    __1vsprintf                              0x08002585   Thumb Code     0  printfa.o(i.__0vsprintf)
    __2vsprintf                              0x08002585   Thumb Code     0  printfa.o(i.__0vsprintf)
    __c89vsprintf                            0x08002585   Thumb Code     0  printfa.o(i.__0vsprintf)
    vsprintf                                 0x08002585   Thumb Code     0  printfa.o(i.__0vsprintf)
    __scatterload_copy                       0x080025a9   Thumb Code    14  handlers.o(i.__scatterload_copy)
    __scatterload_null                       0x080025b7   Thumb Code     2  handlers.o(i.__scatterload_null)
    __scatterload_zeroinit                   0x080025b9   Thumb Code    14  handlers.o(i.__scatterload_zeroinit)
    delay_init                               0x08002e65   Thumb Code    50  delay.o(i.delay_init)
    delay_ms                                 0x08002ea9   Thumb Code    72  delay.o(i.delay_ms)
    delay_us                                 0x08002ef5   Thumb Code    72  delay.o(i.delay_us)
    main                                     0x08002f41   Thumb Code   114  main.o(i.main)
    oled_Clear                               0x08002fbd   Thumb Code    62  bsp_oled_iic.o(i.oled_Clear)
    oled_Init                                0x08002ffd   Thumb Code   304  bsp_oled_iic.o(i.oled_Init)
    oled_ShowCHinese                         0x08003131   Thumb Code    98  bsp_oled_iic.o(i.oled_ShowCHinese)
    oled_ShowNum                             0x08003199   Thumb Code   136  bsp_oled_iic.o(i.oled_ShowNum)
    oled_ShowString                          0x08003221   Thumb Code    58  bsp_oled_iic.o(i.oled_ShowString)
    oled_pow                                 0x0800325b   Thumb Code    22  bsp_oled_iic.o(i.oled_pow)
    u1_printf                                0x08003271   Thumb Code    72  my_usart1.o(i.u1_printf)
    Region$$Table$$Base                      0x08005e40   Number         0  anon$$obj.o(Region$$Table)
    Region$$Table$$Limit                     0x08005e60   Number         0  anon$$obj.o(Region$$Table)
    Threshold                                0x20000000   Data           4  main.o(.data)
    OperateMode                              0x20000004   Data           1  menu.o(.data)
    IndexFlag1                               0x20000005   Data           1  menu.o(.data)
    CursorFlag1                              0x20000006   Data           1  menu.o(.data)
    IndexFlag                                0x20000007   Data           1  menu.o(.data)
    CursorFlag                               0x20000008   Data           1  menu.o(.data)
    TimeFlag                                 0x20000009   Data           1  menu.o(.data)
    TimeFlag1                                0x2000000a   Data           1  menu.o(.data)
    STimeFlag                                0x2000000b   Data           1  menu.o(.data)
    STimeFlag1                               0x2000000c   Data           1  menu.o(.data)
    GoTimeFlag                               0x2000000d   Data           1  menu.o(.data)
    GoFoodTime                               0x2000000e   Data           1  menu.o(.data)
    GoOxTime                                 0x2000000f   Data           1  menu.o(.data)
    GoFood                                   0x20000010   Data           1  menu.o(.data)
    GoOx                                     0x20000011   Data           1  menu.o(.data)
    isKey1                                   0x20000018   Data           1  key.o(.data)
    isKey2                                   0x20000019   Data           1  key.o(.data)
    isKey3                                   0x2000001a   Data           1  key.o(.data)
    isKey4                                   0x2000001b   Data           1  key.o(.data)
    isKey5                                   0x2000001c   Data           1  key.o(.data)
    isKey6                                   0x2000001d   Data           1  key.o(.data)
    isKey7                                   0x2000001e   Data           1  key.o(.data)
    isKey8                                   0x2000001f   Data           1  key.o(.data)
    SystemCoreClock                          0x20000028   Data           4  system_stm32f10x.o(.data)
    AHBPrescTable                            0x2000002c   Data          16  system_stm32f10x.o(.data)
    SensorData                               0x2000003c   Data          10  main.o(.bss)
    System                                   0x20000046   Data          10  main.o(.bss)
    USART1_TxBuff                            0x20000050   Data         256  my_usart1.o(.bss)
    __initial_sp                             0x20000550   Data           0  startup_stm32f10x_md.o(STACK)



==============================================================================

Memory Map of the image

  Image Entry point : 0x080000ed

  Load Region LR_IROM1 (Base: 0x08000000, Size: 0x00005e9c, Max: 0x00010000, ABSOLUTE)

    Execution Region ER_IROM1 (Base: 0x08000000, Size: 0x00005e60, Max: 0x00010000, ABSOLUTE)

    Base Addr    Size         Type   Attr      Idx    E Section Name        Object

    0x08000000   0x000000ec   Data   RO          832    RESET               startup_stm32f10x_md.o
    0x080000ec   0x00000000   Code   RO         3849  * .ARM.Collect$$$$00000000  mc_w.l(entry.o)
    0x080000ec   0x00000004   Code   RO         4125    .ARM.Collect$$$$00000001  mc_w.l(entry2.o)
    0x080000f0   0x00000004   Code   RO         4128    .ARM.Collect$$$$00000004  mc_w.l(entry5.o)
    0x080000f4   0x00000000   Code   RO         4130    .ARM.Collect$$$$00000008  mc_w.l(entry7b.o)
    0x080000f4   0x00000000   Code   RO         4132    .ARM.Collect$$$$0000000A  mc_w.l(entry8b.o)
    0x080000f4   0x00000008   Code   RO         4133    .ARM.Collect$$$$0000000B  mc_w.l(entry9a.o)
    0x080000fc   0x00000000   Code   RO         4135    .ARM.Collect$$$$0000000D  mc_w.l(entry10a.o)
    0x080000fc   0x00000000   Code   RO         4137    .ARM.Collect$$$$0000000F  mc_w.l(entry11a.o)
    0x080000fc   0x00000004   Code   RO         4126    .ARM.Collect$$$$00002712  mc_w.l(entry2.o)
    0x08000100   0x00000024   Code   RO          833    .text               startup_stm32f10x_md.o
    0x08000124   0x0000000e   Code   RO         3852    .text               mc_w.l(strlen.o)
    0x08000132   0x000000e4   Code   RO         4115    .text               mf_w.l(dmul.o)
    0x08000216   0x0000001a   Code   RO         4117    .text               mf_w.l(dfltui.o)
    0x08000230   0x00000032   Code   RO         4119    .text               mf_w.l(ffixi.o)
    0x08000262   0x00000038   Code   RO         4123    .text               mf_w.l(d2f.o)
    0x0800029a   0x0000002c   Code   RO         4142    .text               mc_w.l(uidiv.o)
    0x080002c6   0x00000062   Code   RO         4144    .text               mc_w.l(uldiv.o)
    0x08000328   0x00000000   Code   RO         4146    .text               mc_w.l(iusefp.o)
    0x08000328   0x0000006e   Code   RO         4147    .text               mf_w.l(fepilogue.o)
    0x08000396   0x000000ba   Code   RO         4149    .text               mf_w.l(depilogue.o)
    0x08000450   0x0000014e   Code   RO         4151    .text               mf_w.l(dadd.o)
    0x0800059e   0x000000de   Code   RO         4153    .text               mf_w.l(ddiv.o)
    0x0800067c   0x00000030   Code   RO         4155    .text               mf_w.l(dfixul.o)
    0x080006ac   0x00000030   Code   RO         4157    .text               mf_w.l(cdrcmple.o)
    0x080006dc   0x00000024   Code   RO         4159    .text               mc_w.l(init.o)
    0x08000700   0x0000001e   Code   RO         4162    .text               mc_w.l(llshl.o)
    0x0800071e   0x00000020   Code   RO         4164    .text               mc_w.l(llushr.o)
    0x0800073e   0x00000024   Code   RO         4166    .text               mc_w.l(llsshr.o)
    0x08000762   0x00000016   Code   RO          924    i.ADC_Cmd           stm32f10x_adc.o
    0x08000778   0x0000005c   Code   RO          926    i.ADC_DeInit        stm32f10x_adc.o
    0x080007d4   0x00000014   Code   RO          932    i.ADC_GetCalibrationStatus  stm32f10x_adc.o
    0x080007e8   0x00000008   Code   RO          933    i.ADC_GetConversionValue  stm32f10x_adc.o
    0x080007f0   0x00000012   Code   RO          935    i.ADC_GetFlagStatus  stm32f10x_adc.o
    0x08000802   0x00000014   Code   RO          938    i.ADC_GetResetCalibrationStatus  stm32f10x_adc.o
    0x08000816   0x00000002   PAD
    0x08000818   0x00000050   Code   RO          942    i.ADC_Init          stm32f10x_adc.o
    0x08000868   0x000000b8   Code   RO          946    i.ADC_RegularChannelConfig  stm32f10x_adc.o
    0x08000920   0x0000000a   Code   RO          947    i.ADC_ResetCalibration  stm32f10x_adc.o
    0x0800092a   0x00000016   Code   RO          949    i.ADC_SoftwareStartConvCmd  stm32f10x_adc.o
    0x08000940   0x0000000a   Code   RO          951    i.ADC_StartCalibration  stm32f10x_adc.o
    0x0800094a   0x00000002   PAD
    0x0800094c   0x0000008c   Code   RO          674    i.Adc_Init          adc.o
    0x080009d8   0x00000080   Code   RO          183    i.AutoContrl        menu.o
    0x08000a58   0x00000040   Code   RO          353    i.Beep_Init         bsp_beep.o
    0x08000a98   0x00000004   Code   RO          439    i.BusFault_Handler  stm32f10x_it.o
    0x08000a9c   0x00000040   Code   RO          706    i.Control_SG90      servo.o
    0x08000adc   0x00000050   Code   RO          726    i.DS18B20_Check     ds18b20.o
    0x08000b2c   0x0000007c   Code   RO          727    i.DS18B20_GetTemperture  ds18b20.o
    0x08000ba8   0x0000001c   Code   RO          728    i.DS18B20_IO_IN     ds18b20.o
    0x08000bc4   0x00000024   Code   RO          729    i.DS18B20_IO_OUT    ds18b20.o
    0x08000be8   0x00000034   Code   RO          730    i.DS18B20_Init      ds18b20.o
    0x08000c1c   0x00000044   Code   RO          731    i.DS18B20_Read_Bit  ds18b20.o
    0x08000c60   0x00000022   Code   RO          732    i.DS18B20_Read_Byte  ds18b20.o
    0x08000c82   0x00000002   PAD
    0x08000c84   0x0000002c   Code   RO          733    i.DS18B20_Reset     ds18b20.o
    0x08000cb0   0x00000018   Code   RO          734    i.DS18B20_Start     ds18b20.o
    0x08000cc8   0x0000005c   Code   RO          735    i.DS18B20_Write_Byte  ds18b20.o
    0x08000d24   0x00000002   Code   RO          440    i.DebugMon_Handler  stm32f10x_it.o
    0x08000d26   0x0000001a   Code   RO          516    i.Delay_1ms         bsp_oled_iic.o
    0x08000d40   0x00000116   Code   RO         2033    i.GPIO_Init         stm32f10x_gpio.o
    0x08000e56   0x00000012   Code   RO         2037    i.GPIO_ReadInputDataBit  stm32f10x_gpio.o
    0x08000e68   0x00000004   Code   RO         2040    i.GPIO_ResetBits    stm32f10x_gpio.o
    0x08000e6c   0x00000004   Code   RO         2041    i.GPIO_SetBits      stm32f10x_gpio.o
    0x08000e70   0x00000034   Code   RO          676    i.Get_Adc           adc.o
    0x08000ea4   0x0000002e   Code   RO          677    i.Get_Adc_Average   adc.o
    0x08000ed2   0x00000004   Code   RO          441    i.HardFault_Handler  stm32f10x_it.o
    0x08000ed6   0x00000002   PAD
    0x08000ed8   0x00000030   Code   RO          518    i.IIC_Start         bsp_oled_iic.o
    0x08000f08   0x00000028   Code   RO          519    i.IIC_Stop          bsp_oled_iic.o
    0x08000f30   0x0000001c   Code   RO          520    i.IIC_Wait_Ack      bsp_oled_iic.o
    0x08000f4c   0x000000c8   Code   RO          184    i.Inform_Show       menu.o
    0x08001014   0x00000028   Code   RO          370    i.KEY_Init          key.o
    0x0800103c   0x00000014   Code   RO          371    i.Key1Press         key.o
    0x08001050   0x00000014   Code   RO          372    i.Key2Press         key.o
    0x08001064   0x00000014   Code   RO          373    i.Key3Press         key.o
    0x08001078   0x00000014   Code   RO          374    i.Key4Press         key.o
    0x0800108c   0x0000015c   Code   RO          375    i.KeyScan           key.o
    0x080011e8   0x00000038   Code   RO          419    i.LED_GPIO_Config   led.o
    0x08001220   0x00000388   Code   RO          185    i.Manual_Contrl     menu.o
    0x080015a8   0x00000188   Code   RO          186    i.Manual_Mode       menu.o
    0x08001730   0x00000004   Code   RO          442    i.MemManage_Handler  stm32f10x_it.o
    0x08001734   0x0000008c   Code   RO          187    i.Mode_Decide       menu.o
    0x080017c0   0x00000002   Code   RO          443    i.NMI_Handler       stm32f10x_it.o
    0x080017c2   0x000000b4   Code   RO          310    i.NVIC_Config       sys.o
    0x08001876   0x00000002   PAD
    0x08001878   0x00000070   Code   RO          882    i.NVIC_Init         misc.o
    0x080018e8   0x00000014   Code   RO          883    i.NVIC_PriorityGroupConfig  misc.o
    0x080018fc   0x00000028   Code   RO          521    i.OLED_Set_Pos      bsp_oled_iic.o
    0x08001924   0x000000a4   Code   RO          522    i.OLED_ShowChar     bsp_oled_iic.o
    0x080019c8   0x00000018   Code   RO          524    i.OLED_WR_Byte      bsp_oled_iic.o
    0x080019e0   0x00000002   Code   RO          444    i.PendSV_Handler    stm32f10x_it.o
    0x080019e2   0x00000002   PAD
    0x080019e4   0x00000018   Code   RO         2447    i.RCC_ADCCLKConfig  stm32f10x_rcc.o
    0x080019fc   0x00000020   Code   RO         2451    i.RCC_APB2PeriphClockCmd  stm32f10x_rcc.o
    0x08001a1c   0x00000020   Code   RO         2452    i.RCC_APB2PeriphResetCmd  stm32f10x_rcc.o
    0x08001a3c   0x00000038   Code   RO          502    i.RELAY_GPIO_Config  relay.o
    0x08001a74   0x0000002c   Code   RO          707    i.SG90_Init         servo.o
    0x08001aa0   0x00000002   Code   RO          445    i.SVC_Handler       stm32f10x_it.o
    0x08001aa2   0x00000008   Code   RO          848    i.SetSysClock       system_stm32f10x.o
    0x08001aaa   0x00000002   PAD
    0x08001aac   0x000000e0   Code   RO          849    i.SetSysClockTo72   system_stm32f10x.o
    0x08001b8c   0x00000028   Code   RO          886    i.SysTick_CLKSourceConfig  misc.o
    0x08001bb4   0x00000002   Code   RO          446    i.SysTick_Handler   stm32f10x_it.o
    0x08001bb6   0x00000002   PAD
    0x08001bb8   0x00000060   Code   RO          851    i.SystemInit        system_stm32f10x.o
    0x08001c18   0x00000078   Code   RO          243    i.TIM1_Int_Init     time1.o
    0x08001c90   0x000000a8   Code   RO          245    i.TIM1_UP_IRQHandler  time1.o
    0x08001d38   0x00000094   Code   RO          796    i.TIM2_IRQHandler   time2.o
    0x08001dcc   0x00000006   Code   RO         3077    i.TIM_ClearFlag     stm32f10x_tim.o
    0x08001dd2   0x00000006   Code   RO         3078    i.TIM_ClearITPendingBit  stm32f10x_tim.o
    0x08001dd8   0x00000018   Code   RO         3083    i.TIM_Cmd           stm32f10x_tim.o
    0x08001df0   0x00000022   Code   RO         3104    i.TIM_GetITStatus   stm32f10x_tim.o
    0x08001e12   0x00000012   Code   RO         3108    i.TIM_ITConfig      stm32f10x_tim.o
    0x08001e24   0x000000a4   Code   RO         3154    i.TIM_TimeBaseInit  stm32f10x_tim.o
    0x08001ec8   0x00000220   Code   RO          188    i.ThresholdSet      menu.o
    0x080020e8   0x0000000e   Code   RO            1    i.Threshold_Init    main.o
    0x080020f6   0x00000002   PAD
    0x080020f8   0x0000030c   Code   RO          189    i.Timed_mode        menu.o
    0x08002404   0x00000020   Code   RO          270    i.USART1_IRQHandler  my_usart1.o
    0x08002424   0x0000001e   Code   RO         3616    i.USART_ClearITPendingBit  stm32f10x_usart.o
    0x08002442   0x0000001a   Code   RO         3622    i.USART_GetFlagStatus  stm32f10x_usart.o
    0x0800245c   0x00000054   Code   RO         3623    i.USART_GetITStatus  stm32f10x_usart.o
    0x080024b0   0x0000001c   Code   RO          271    i.USART_SendByte    my_usart1.o
    0x080024cc   0x00000004   Code   RO          447    i.UsageFault_Handler  stm32f10x_it.o
    0x080024d0   0x0000005c   Code   RO          525    i.Write_IIC_Byte    bsp_oled_iic.o
    0x0800252c   0x0000002c   Code   RO          526    i.Write_IIC_Command  bsp_oled_iic.o
    0x08002558   0x0000002c   Code   RO          527    i.Write_IIC_Data    bsp_oled_iic.o
    0x08002584   0x00000024   Code   RO         4093    i.__0vsprintf       mc_w.l(printfa.o)
    0x080025a8   0x0000000e   Code   RO         4171    i.__scatterload_copy  mc_w.l(handlers.o)
    0x080025b6   0x00000002   Code   RO         4172    i.__scatterload_null  mc_w.l(handlers.o)
    0x080025b8   0x0000000e   Code   RO         4173    i.__scatterload_zeroinit  mc_w.l(handlers.o)
    0x080025c6   0x00000002   PAD
    0x080025c8   0x00000164   Code   RO         4094    i._fp_digits        mc_w.l(printfa.o)
    0x0800272c   0x000006dc   Code   RO         4095    i._printf_core      mc_w.l(printfa.o)
    0x08002e08   0x00000024   Code   RO         4096    i._printf_post_padding  mc_w.l(printfa.o)
    0x08002e2c   0x0000002e   Code   RO         4097    i._printf_pre_padding  mc_w.l(printfa.o)
    0x08002e5a   0x0000000a   Code   RO         4099    i._sputc            mc_w.l(printfa.o)
    0x08002e64   0x00000044   Code   RO          324    i.delay_init        delay.o
    0x08002ea8   0x0000004c   Code   RO          325    i.delay_ms          delay.o
    0x08002ef4   0x0000004c   Code   RO          326    i.delay_us          delay.o
    0x08002f40   0x0000007c   Code   RO            2    i.main              main.o
    0x08002fbc   0x0000003e   Code   RO          529    i.oled_Clear        bsp_oled_iic.o
    0x08002ffa   0x00000002   PAD
    0x08002ffc   0x00000134   Code   RO          535    i.oled_Init         bsp_oled_iic.o
    0x08003130   0x00000068   Code   RO          537    i.oled_ShowCHinese  bsp_oled_iic.o
    0x08003198   0x00000088   Code   RO          538    i.oled_ShowNum      bsp_oled_iic.o
    0x08003220   0x0000003a   Code   RO          539    i.oled_ShowString   bsp_oled_iic.o
    0x0800325a   0x00000016   Code   RO          540    i.oled_pow          bsp_oled_iic.o
    0x08003270   0x00000050   Code   RO          272    i.u1_printf         my_usart1.o
    0x080032c0   0x00002b18   Data   RO          541    .constdata          bsp_oled_iic.o
    0x08005dd8   0x00000066   Data   RO          800    .conststring        time2.o
    0x08005e3e   0x00000002   PAD
    0x08005e40   0x00000020   Data   RO         4169    Region$$Table       anon$$obj.o


    Execution Region RW_IRAM1 (Base: 0x20000000, Size: 0x00000550, Max: 0x00005000, ABSOLUTE)

    Base Addr    Size         Type   Attr      Idx    E Section Name        Object

    0x20000000   0x00000004   Data   RW            5    .data               main.o
    0x20000004   0x0000000e   Data   RW          191    .data               menu.o
    0x20000012   0x00000004   Data   RW          327    .data               delay.o
    0x20000016   0x00000002   PAD
    0x20000018   0x00000010   Data   RW          377    .data               key.o
    0x20000028   0x00000014   Data   RW          852    .data               system_stm32f10x.o
    0x2000003c   0x00000014   Zero   RW            3    .bss                main.o
    0x20000050   0x00000100   Zero   RW          273    .bss                my_usart1.o
    0x20000150   0x00000400   Zero   RW          830    STACK               startup_stm32f10x_md.o


==============================================================================

Image component sizes


      Code (inc. data)   RO Data    RW Data    ZI Data      Debug   Object Name

       238         14          0          0          0       1843   adc.o
        64          4          0          0          0        540   bsp_beep.o
      1240         38      11032          0          0      11450   bsp_oled_iic.o
       220         26          0          4          0       1851   delay.o
       582         54          0          0          0       5880   ds18b20.o
       468         44          0         16          0       3639   key.o
        56          6          0          0          0        534   led.o
       138         10          0          4         20     257046   main.o
      3088        218          0         14          0       5804   menu.o
       172         22          0          0          0       2421   misc.o
       140         14          0          0        256       3073   my_usart1.o
        56          8          0          0          0        544   relay.o
       108         14          0          0          0       1103   servo.o
        36          8        236          0       1024        896   startup_stm32f10x_md.o
       486         24          0          0          0       9566   stm32f10x_adc.o
       304          0          0          0          0       4084   stm32f10x_gpio.o
        26          0          0          0          0       4262   stm32f10x_it.o
        88         18          0          0          0       1937   stm32f10x_rcc.o
       252         42          0          0          0       4698   stm32f10x_tim.o
       140          0          0          0          0       3800   stm32f10x_usart.o
       180          0          0          0          0        626   sys.o
       328         28          0         20          0       2493   system_stm32f10x.o
       288         40          0          0          0       1277   time1.o
       148         24        102          0          0        542   time2.o

    ----------------------------------------------------------------------
      8866        656      11404         60       1300     329909   Object Totals
         0          0         32          0          0          0   (incl. Generated)
        20          0          2          2          0          0   (incl. Padding)

    ----------------------------------------------------------------------

      Code (inc. data)   RO Data    RW Data    ZI Data      Debug   Library Member Name

         0          0          0          0          0          0   entry.o
         0          0          0          0          0          0   entry10a.o
         0          0          0          0          0          0   entry11a.o
         8          4          0          0          0          0   entry2.o
         4          0          0          0          0          0   entry5.o
         0          0          0          0          0          0   entry7b.o
         0          0          0          0          0          0   entry8b.o
         8          4          0          0          0          0   entry9a.o
        30          0          0          0          0          0   handlers.o
        36          8          0          0          0         68   init.o
         0          0          0          0          0          0   iusefp.o
        30          0          0          0          0         68   llshl.o
        36          0          0          0          0         68   llsshr.o
        32          0          0          0          0         68   llushr.o
      2240         86          0          0          0        508   printfa.o
        14          0          0          0          0         68   strlen.o
        44          0          0          0          0         80   uidiv.o
        98          0          0          0          0         92   uldiv.o
        48          0          0          0          0         68   cdrcmple.o
        56          0          0          0          0         88   d2f.o
       334          0          0          0          0        148   dadd.o
       222          0          0          0          0        100   ddiv.o
       186          0          0          0          0        176   depilogue.o
        48          0          0          0          0         68   dfixul.o
        26          0          0          0          0         76   dfltui.o
       228          0          0          0          0         96   dmul.o
       110          0          0          0          0        168   fepilogue.o
        50          0          0          0          0         68   ffixi.o

    ----------------------------------------------------------------------
      3890        102          0          0          0       2076   Library Totals
         2          0          0          0          0          0   (incl. Padding)

    ----------------------------------------------------------------------

      Code (inc. data)   RO Data    RW Data    ZI Data      Debug   Library Name

      2580        102          0          0          0       1020   mc_w.l
      1308          0          0          0          0       1056   mf_w.l

    ----------------------------------------------------------------------
      3890        102          0          0          0       2076   Library Totals

    ----------------------------------------------------------------------

==============================================================================


      Code (inc. data)   RO Data    RW Data    ZI Data      Debug   

     12756        758      11404         60       1300     326001   Grand Totals
     12756        758      11404         60       1300     326001   ELF Image Totals
     12756        758      11404         60          0          0   ROM Totals

==============================================================================

    Total RO  Size (Code + RO Data)                24160 (  23.59kB)
    Total RW  Size (RW Data + ZI Data)              1360 (   1.33kB)
    Total ROM Size (Code + RO Data + RW Data)      24220 (  23.65kB)

==============================================================================

